Resource Usage Report for Top 

Mapping to part: mpfs095tfcvg784-1
Cell usage:
BANKEN          1 use
CLKINT          3 uses
INIT            1 use
MSS             1 use
OR2             64 uses
OR4             2 uses
OSC_RC160MHZ    1 use
PLL             1 use
CFG1           3 uses
CFG2           69 uses
CFG3           664 uses
CFG4           159 uses

Carry cells:
ARI1            78 uses - used for arithmetic functions
ARI1            6 uses - used for Wide-Mux implementation
Total ARI1      84 uses


Sequential Cells: 
SLE            1271 uses

DSP Blocks:    0 of 292 (0%)

I/O ports: 13
I/O primitives: 12
INBUF          5 uses
INBUF_DIFF     1 use
OUTBUF         6 uses


Global Clock Buffers: 3

Total LUTs:    979

Extra resources required for RAM and MACC_PA interface logic during P&R:

RAM64X12 Interface Logic : SLEs = 24; LUTs = 24;
RAM1K20  Interface Logic : SLEs = 144; LUTs = 144;
MACC_PA     Interface Logic : SLEs = 0; LUTs = 0;
MACC_PA_BC_ROM     Interface Logic : SLEs = 0; LUTs = 0;

Total number of SLEs after P&R:  1271 + 24 + 144 + 0 = 1439;
Total number of LUTs after P&R:  979 + 24 + 144 + 0 = 1147;

