Option definition override for: enable_hydra_infer_clocks_from_latch_data

                               Synplify Pro (R) 

               Version W-2025.03M-SP1-1 for win64 - Nov 18, 2025 

                    Copyright (c) 1988 - 2025 Synopsys, Inc.
   This software and the associated documentation are proprietary to Synopsys,
 Inc. This software may only be used in accordance with the terms and conditions
 of a written license agreement with Synopsys, Inc. All other use, reproduction,
   or distribution of this software is strictly prohibited.  Licensed Products
     communicate with Synopsys servers for the purpose of providing software
    updates, detecting software piracy and verifying that customers are using
    Licensed Products in conformity with the applicable License Key for such
  Licensed Products. Synopsys will use information gathered in connection with
    this process to deliver software updates and pursue software pirates and
                                   infringers.

 Inclusivity & Diversity - Visit SolvNetPlus to read the "Synopsys Statement on
            Inclusivity and Diversity" (Refer to article 000036315 at
                        https://solvnetplus.synopsys.com)

Starting:    C:\Microchip\Libero_SoC_2025.2\Libero_SoC\Synplify_Pro\bin64\mbin\synbatch.exe
Install:     C:\Microchip\Libero_SoC_2025.2\Libero_SoC\Synplify_Pro
Hostname:    WDESTO11433
Date:        Tue Jun 23 16:57:32 2026
Version:     W-2025.03M-SP1-1

Arguments:   -product synplify_base -licensetype synplifypro_actel -batch -log synplify.log Top_syn.tcl
ProductType: synplify_pro

License checkout: synplifypro_actel
License: synplifypro_actel node-locked 
Licensed Vendor: actel
License Option: actel_oem

Running in Vendor Mode




log file: "C:\Daten\ERES-PROJECT\source_code\MPFS_DiscoKit_Lab6\PF_SOC\synthesis\Top.srr"
Running: synthesis in foreground

Running Top_syn|synthesis

Running Flow: compile (Compile) on Top_syn|synthesis
# Tue Jun 23 16:57:33 2026

Running Flow: compile_flow (Compile Process) on Top_syn|synthesis
# Tue Jun 23 16:57:33 2026

Running: compiler (Compile Input) on Top_syn|synthesis
# Tue Jun 23 16:57:33 2026
Copied C:\Daten\ERES-PROJECT\source_code\MPFS_DiscoKit_Lab6\PF_SOC\synthesis\synwork\Top_comp.srs to C:\Daten\ERES-PROJECT\source_code\MPFS_DiscoKit_Lab6\PF_SOC\synthesis\Top.srs

compiler completed
# Tue Jun 23 16:58:21 2026

Return Code: 0
Run Time:00h:00m:47s

Running: multi_srs_gen (Multi-srs Generator) on Top_syn|synthesis
# Tue Jun 23 16:58:21 2026

multi_srs_gen completed
# Tue Jun 23 16:58:24 2026

Return Code: 0
Run Time:00h:00m:03s
Copied C:\Daten\ERES-PROJECT\source_code\MPFS_DiscoKit_Lab6\PF_SOC\synthesis\synwork\Top_mult.srs to C:\Daten\ERES-PROJECT\source_code\MPFS_DiscoKit_Lab6\PF_SOC\synthesis\Top.srs
Complete: Compile Process on Top_syn|synthesis

Running: premap (Premap) on Top_syn|synthesis
# Tue Jun 23 16:58:24 2026

premap completed with warnings
# Tue Jun 23 16:58:40 2026

Return Code: 1
Run Time:00h:00m:16s
Complete: Compile on Top_syn|synthesis

Running Flow: map (Map) on Top_syn|synthesis
# Tue Jun 23 16:58:40 2026
License granted for 4 parallel jobs

Running: fpga_mapper (Map & Optimize) on Top_syn|synthesis
# Tue Jun 23 16:58:40 2026
Copied C:\Daten\ERES-PROJECT\source_code\MPFS_DiscoKit_Lab6\PF_SOC\synthesis\synwork\Top_m.srm to C:\Daten\ERES-PROJECT\source_code\MPFS_DiscoKit_Lab6\PF_SOC\synthesis\Top.srm

fpga_mapper completed with warnings
# Tue Jun 23 16:59:20 2026

Return Code: 1
Run Time:00h:00m:40s
Complete: Map on Top_syn|synthesis
Complete: Logic Synthesis on Top_syn|synthesis
TCL script complete: "Top_syn.tcl"
exit status=0
exit status=0
License checkin: synplifypro_actel
