
Copyright (C) 1994-2025 Synopsys, Inc.
This Synopsys software and all associated documentation are proprietary to Synopsys, Inc.
and may only be used pursuant to the terms and conditions of a written license agreement
with Synopsys, Inc. All other use, reproduction, modification, or distribution of the
Synopsys software or the associated documentation is strictly prohibited.
Tool: Synplify Pro (R)
Build: W-2025.03M-SP1-1
Install: C:\Microchip\Libero_SoC_2025.2\Libero_SoC\Synplify_Pro
OS: Windows 10 or later
Hostname: WDESTO11433

Implementation : synthesis

# Written on Tue Jun 23 16:58:27 2026

##### FILES SYNTAX CHECKED ##############################################
Constraint File(s):      "C:\Daten\ERES-PROJECT\source_code\MPFS_DiscoKit_Lab6\PF_SOC\designer\Top\synthesis.fdc"

#Run constraint checker to find more issues with constraints.
#########################################################################



No issues found in constraint syntax.



Clock Summary
*************

          Start                                         Requested     Requested     Clock                             Clock                Clock
Level     Clock                                         Frequency     Period        Type                              Group                Load 
------------------------------------------------------------------------------------------------------------------------------------------------
0 -       osc_rc160mhz                                  170.4 MHz     5.869         declared                          default_clkgroup     1    
1 .         PF_CCC_C0_0/PF_CCC_C1_0/pll_inst_0/OUT0     133.1 MHz     7.512         generated (from osc_rc160mhz)     default_clkgroup     1472 
1 .         PF_CCC_C0_0/PF_CCC_C1_0/pll_inst_0/OUT1     10.7 MHz      93.897        generated (from osc_rc160mhz)     default_clkgroup     0    
                                                                                                                                                
0 -       REFCLK                                        125.0 MHz     8.000         declared                          default_clkgroup     0    
                                                                                                                                                
0 -       System                                        100.0 MHz     10.000        system                            system_clkgroup      0    
================================================================================================================================================


Clock Load Summary
******************

                                            Clock     Source                                                  Clock Pin                                                                                                                                                                               Non-clock Pin                   Non-clock Pin                                
Clock                                       Load      Pin                                                     Seq Example                                                                                                                                                                             Seq Example                     Comb Example                                 
-----------------------------------------------------------------------------------------------------------------------------------------------------------------------------------------------------------------------------------------------------------------------------------------------------------------------------------------------------------------------------------
osc_rc160mhz                                1         PF_OSC_C0_0.PF_OSC_C0_0.I_OSC_160.CLK(OSC_RC160MHZ)     PF_CCC_C0_0.PF_CCC_C1_0.pll_inst_0.REF_CLK_0                                                                                                                                            -                               PF_OSC_C0_0.PF_OSC_C0_0.I_OSC_160_INT.I(BUFG)
PF_CCC_C0_0/PF_CCC_C1_0/pll_inst_0/OUT0     1472      PF_CCC_C0_0.PF_CCC_C1_0.pll_inst_0.OUT0(PLL)            COREAXI4INTERCONNECT_C0_0.COREAXI4INTERCONNECT_C0_0.SlvConvertor_loop\[0\]\.slvcnv.slvProtConv.genblk1\.u_SlvAxi4WriteID.genblk1\.rdata_interleave_fifo.fifo_ctrl_inst.rdptr[3:0].C     -                               PF_CCC_C0_0.PF_CCC_C1_0.clkint_0.I(BUFG)     
PF_CCC_C0_0/PF_CCC_C1_0/pll_inst_0/OUT1     0         PF_CCC_C0_0.PF_CCC_C1_0.pll_inst_0.OUT1(PLL)            -                                                                                                                                                                                       -                               -                                            
                                                                                                                                                                                                                                                                                                                                                                                   
REFCLK                                      0         REFCLK(port)                                            -                                                                                                                                                                                       PFSOC_MSS_C0_0.I_MSS.REFCLK     PFSOC_MSS_C0_0.REFCLK_IOINST.PADP(INBUF_DIFF)
                                                                                                                                                                                                                                                                                                                                                                                   
System                                      0         -                                                       -                                                                                                                                                                                       -                               -                                            
===================================================================================================================================================================================================================================================================================================================================================================================
