Compile Report
Microchip Technology Inc. - Microchip Libero Software Release 2025.2 (Version 2025.2.0.14)
Date: Tue Jun 23 16:59:58 2026

Device Selection
+------------------------+--------------+
| Family                 | PolarFireSoC |
| Device                 | MPFS095T     |
| Package                | FCSG325      |
| Speed Grade            | -1           |
| Core Voltage           | 1.0V         |
| Part Range             | EXT          |
| Default I/O technology | LVCMOS 1.8V  |
+------------------------+--------------+

Source Files
+---------+------------------------------------------------------------------------------+
| Topcell | Top                                                                          |
| Format  | Verilog                                                                      |
| Source  | C:\Daten\ERES-PROJECT\source_code\MPFS_DiscoKit_Lab6\PF_SOC\synthesis\Top.vm |
+---------+------------------------------------------------------------------------------+

Options
+----------------------------------------------------+----+
| Limit the number of high fanout nets to display to | 10 |
+----------------------------------------------------+----+

Resource Usage
+-----------------------------+------+-------+------------+
| Type                        | Used | Total | Percentage |
+-----------------------------+------+-------+------------+
| 4LUT                        | 1213 | 93516 | 1.30       |
| DFF                         | 1439 | 93516 | 1.54       |
| User I/O                    | 7    | 80    | 8.75       |
| -- Single-ended I/O         | 7    | 80    | 8.75       |
| -- Differential I/O Pairs   | 0    | 40    | 0.00       |
| -- I/Os using I/O Registers | 0    | 80    | 0.00       |
| I/O Register Flip-Flops     | 0    | 240   | 0.00       |
| -- Input  I/O Flip-Flops    | 0    | 80    | 0.00       |
| -- Output I/O Flip-Flops    | 0    | 80    | 0.00       |
| -- Enable I/O Flip-Flops    | 0    | 80    | 0.00       |
| uSRAM                       | 2    | 876   | 0.23       |
| LSRAM                       | 4    | 308   | 1.30       |
| Math                        | 0    | 292   | 0.00       |
| H-Chip Global               | 3    | 48    | 6.25       |
| PLL                         | 1    | 8     | 12.50      |
| DLL                         | 0    | 8     | 0.00       |
| BANKEN                      | 1    | 5     | 20.00      |
| CRN_INT                     | 1    | 24    | 4.17       |
| INIT                        | 1    | 1     | 100.00     |
| OSC_RC160MHZ                | 1    | 1     | 100.00     |
| Transceiver Lanes           | 0    | 2     | 0.00       |
| Transceiver PCIe            | 0    | 2     | 0.00       |
| ICB_CLKINT                  | 2    | 68    | 2.94       |
| MSS                         | 1    | 1     | 100.00     |
| MSS I/O                     | 6    | 102   | 5.88       |
+-----------------------------+------+-------+------------+

Detailed Logic Resource Usage
+-----------------------+------+------+
| Type                  | 4LUT | DFF  |
+-----------------------+------+------+
| Fabric Logic          | 1045 | 1271 |
| uSRAM Interface Logic | 24   | 24   |
| LSRAM Interface Logic | 144  | 144  |
| Math Interface Logic  | 0    | 0    |
| Total Used            | 1213 | 1439 |
+-----------------------+------+------+

Detailed Carry Chains Resource Usage
+--------+------+
| Length | Used |
| 7      | 1    |
| 9      | 1    |
| 10     | 2    |
| 13     | 2    |
| 17     | 1    |
| Total  | 7    |
+--------+------+

Detailed 4LUT Groups Resource Usage
+--------+------+
| Length | Used |
| 2      | 3    |
| Total  | 3    |
+--------+------+

I/O Function
+-------------------------------+--------------+-------------+-----------------+
| Type                          | w/o register | w/ register | w/ DDR register |
+-------------------------------+--------------+-------------+-----------------+
| Input I/O                     | 3            | 0           | 0               |
| Output I/O                    | 4            | 0           | 0               |
| Bidirectional I/O             | 0            | 0           | 0               |
| Differential Input I/O Pairs  | 0            | 0           | 0               |
| Differential Output I/O Pairs | 0            | 0           | 0               |
+-------------------------------+--------------+-------------+-----------------+

Nets assigned to chip global resources
+--------+---------+-----------------------------------------------------------------------------------------------------+
| Fanout | Type    | Name                                                                                                |
+--------+---------+-----------------------------------------------------------------------------------------------------+
| 1283   | INT_NET | Net   : PF_CCC_C0_0_OUT0_FABCLK_0                                                                   |
|        |         | Driver: PF_CCC_C0_0/PF_CCC_C1_0/clkint_0/U0_RGB1                                                    |
|        |         | Source: NETLIST                                                                                     |
| 900    | INT_NET | Net   : COREAXI4INTERCONNECT_C0_0/COREAXI4INTERCONNECT_C0_0/sysReset_arst                           |
|        |         | Driver: COREAXI4INTERCONNECT_C0_0/COREAXI4INTERCONNECT_C0_0/arst_aclk_sync/sysReset_RNI0DTR/U0_RGB1 |
|        |         | Source: NETLIST                                                                                     |
| 1      | INT_NET | Net   : PF_OSC_C0_0_RCOSC_160MHZ_GL                                                                 |
|        |         | Driver: PF_OSC_C0_0/PF_OSC_C0_0/I_OSC_160_INT/U0_RGB1                                               |
|        |         | Source: NETLIST                                                                                     |
+--------+---------+-----------------------------------------------------------------------------------------------------+

Nets assigned to row global resources
+--------+------+------+
| Fanout | Type | Name |
+--------+------+------+
+--------+------+------+

High fanout nets
+--------+---------+-------------------------------------------------------------------------------------------------------------------------------------------+
| Fanout | Type    | Name                                                                                                                                      |
+--------+---------+-------------------------------------------------------------------------------------------------------------------------------------------+
| 356    | INT_NET | Net   : CORERESET_PF_C0_0_CORERESET_PF_C0_0_dff                                                                                           |
|        |         | Driver: CORERESET_PF_C0_0/CORERESET_PF_C0_0/dff_15[0]                                                                                     |
| 140    | INT_NET | Net   : PF_SRAM_AHBL_AXI_C0_0/wen_sc_0_a2                                                                                                 |
|        |         | Driver: PF_SRAM_AHBL_AXI_C0_0/COREAXI4SRAM_0/genblk1.genblk1.U_PF_SRAM_AHBL_AXI_C0_COREAXI4SRAM_0_CoreAXI4SRAM_MAINCTRL/wen_sc_0_a2       |
| 128    | INT_NET | Net   : PF_SRAM_AHBL_AXI_C0_0/COREAXI4SRAM_0/genblk1.genblk1.U_PF_SRAM_AHBL_AXI_C0_COREAXI4SRAM_0_CoreAXI4SRAM_MAINCTRL/ren_sc_d1         |
|        |         | Driver: PF_SRAM_AHBL_AXI_C0_0/COREAXI4SRAM_0/genblk1.genblk1.U_PF_SRAM_AHBL_AXI_C0_COREAXI4SRAM_0_CoreAXI4SRAM_MAINCTRL/genblk2.ren_sc_d1 |
| 80     | INT_NET | Net   : COREAXI4INTERCONNECT_C0_0/COREAXI4INTERCONNECT_C0_0/slaveWREADY[0]                                                                |
|        |         | Driver: COREAXI4INTERCONNECT_C0_0/COREAXI4INTERCONNECT_C0_0/SlvConvertor_loop[0].slvcnv/rgsl/genblk4.wrs/currState[0]                     |
| 80     | INT_NET | Net   : COREAXI4INTERCONNECT_C0_0/COREAXI4INTERCONNECT_C0_0/SlvConvertor_loop_0__slvcnv_slaveRREADY                                       |
|        |         | Driver: COREAXI4INTERCONNECT_C0_0/COREAXI4INTERCONNECT_C0_0/MstConvertor_loop[0].mstrconv/rgsl/genblk3.rrs/currState[0]                   |
| 79     | INT_NET | Net   : COREAXI4INTERCONNECT_C0_0/COREAXI4INTERCONNECT_C0_0/SlvConvertor_loop[0].slvcnv/sr_dwc_slaveRREADY                                |
|        |         | Driver: COREAXI4INTERCONNECT_C0_0/COREAXI4INTERCONNECT_C0_0/SlvConvertor_loop[0].slvcnv/rgsl/genblk3.rrs/currState[0]                     |
| 78     | INT_NET | Net   : PFSOC_MSS_C0_0_FIC_0_AXI4_INITIATOR_WREADY                                                                                        |
|        |         | Driver: COREAXI4INTERCONNECT_C0_0/COREAXI4INTERCONNECT_C0_0/MstConvertor_loop[0].mstrconv/rgsl/genblk4.wrs/currState[0]                   |
| 73     | INT_NET | Net   : COREAXI4INTERCONNECT_C0_0/COREAXI4INTERCONNECT_C0_0/MstConvertor_loop[0].mstrconv/rgsl/genblk4.wrs/N_65_i                         |
|        |         | Driver: COREAXI4INTERCONNECT_C0_0/COREAXI4INTERCONNECT_C0_0/MstConvertor_loop[0].mstrconv/rgsl/genblk4.wrs/currState_RNIF27LC[1]          |
| 73     | INT_NET | Net   : COREAXI4INTERCONNECT_C0_0/COREAXI4INTERCONNECT_C0_0/MstConvertor_loop[0].mstrconv/rgsl/genblk4.wrs/holdDat25_Z                    |
|        |         | Driver: COREAXI4INTERCONNECT_C0_0/COREAXI4INTERCONNECT_C0_0/MstConvertor_loop[0].mstrconv/rgsl/genblk4.wrs/holdDat25                      |
| 73     | INT_NET | Net   : COREAXI4INTERCONNECT_C0_0/COREAXI4INTERCONNECT_C0_0/MstConvertor_loop[0].mstrconv/rgsl/genblk3.rrs/holdDat15_Z                    |
|        |         | Driver: COREAXI4INTERCONNECT_C0_0/COREAXI4INTERCONNECT_C0_0/MstConvertor_loop[0].mstrconv/rgsl/genblk3.rrs/holdDat15                      |
+--------+---------+-------------------------------------------------------------------------------------------------------------------------------------------+

High fanout nets (through buffer trees)
+--------+---------+-------------------------------------------------------------------------------------------------------------------------------------------+
| Fanout | Type    | Name                                                                                                                                      |
+--------+---------+-------------------------------------------------------------------------------------------------------------------------------------------+
| 356    | INT_NET | Net   : CORERESET_PF_C0_0_CORERESET_PF_C0_0_dff                                                                                           |
|        |         | Driver: CORERESET_PF_C0_0/CORERESET_PF_C0_0/dff_15[0]                                                                                     |
| 140    | INT_NET | Net   : PF_SRAM_AHBL_AXI_C0_0/wen_sc_0_a2                                                                                                 |
|        |         | Driver: PF_SRAM_AHBL_AXI_C0_0/COREAXI4SRAM_0/genblk1.genblk1.U_PF_SRAM_AHBL_AXI_C0_COREAXI4SRAM_0_CoreAXI4SRAM_MAINCTRL/wen_sc_0_a2       |
| 128    | INT_NET | Net   : PF_SRAM_AHBL_AXI_C0_0/COREAXI4SRAM_0/genblk1.genblk1.U_PF_SRAM_AHBL_AXI_C0_COREAXI4SRAM_0_CoreAXI4SRAM_MAINCTRL/ren_sc_d1         |
|        |         | Driver: PF_SRAM_AHBL_AXI_C0_0/COREAXI4SRAM_0/genblk1.genblk1.U_PF_SRAM_AHBL_AXI_C0_COREAXI4SRAM_0_CoreAXI4SRAM_MAINCTRL/genblk2.ren_sc_d1 |
| 80     | INT_NET | Net   : COREAXI4INTERCONNECT_C0_0/COREAXI4INTERCONNECT_C0_0/slaveWREADY[0]                                                                |
|        |         | Driver: COREAXI4INTERCONNECT_C0_0/COREAXI4INTERCONNECT_C0_0/SlvConvertor_loop[0].slvcnv/rgsl/genblk4.wrs/currState[0]                     |
| 80     | INT_NET | Net   : COREAXI4INTERCONNECT_C0_0/COREAXI4INTERCONNECT_C0_0/SlvConvertor_loop_0__slvcnv_slaveRREADY                                       |
|        |         | Driver: COREAXI4INTERCONNECT_C0_0/COREAXI4INTERCONNECT_C0_0/MstConvertor_loop[0].mstrconv/rgsl/genblk3.rrs/currState[0]                   |
| 79     | INT_NET | Net   : COREAXI4INTERCONNECT_C0_0/COREAXI4INTERCONNECT_C0_0/SlvConvertor_loop[0].slvcnv/sr_dwc_slaveRREADY                                |
|        |         | Driver: COREAXI4INTERCONNECT_C0_0/COREAXI4INTERCONNECT_C0_0/SlvConvertor_loop[0].slvcnv/rgsl/genblk3.rrs/currState[0]                     |
| 78     | INT_NET | Net   : PFSOC_MSS_C0_0_FIC_0_AXI4_INITIATOR_WREADY                                                                                        |
|        |         | Driver: COREAXI4INTERCONNECT_C0_0/COREAXI4INTERCONNECT_C0_0/MstConvertor_loop[0].mstrconv/rgsl/genblk4.wrs/currState[0]                   |
| 73     | INT_NET | Net   : COREAXI4INTERCONNECT_C0_0/COREAXI4INTERCONNECT_C0_0/MstConvertor_loop[0].mstrconv/rgsl/genblk4.wrs/N_65_i                         |
|        |         | Driver: COREAXI4INTERCONNECT_C0_0/COREAXI4INTERCONNECT_C0_0/MstConvertor_loop[0].mstrconv/rgsl/genblk4.wrs/currState_RNIF27LC[1]          |
| 73     | INT_NET | Net   : COREAXI4INTERCONNECT_C0_0/COREAXI4INTERCONNECT_C0_0/MstConvertor_loop[0].mstrconv/rgsl/genblk4.wrs/holdDat25_Z                    |
|        |         | Driver: COREAXI4INTERCONNECT_C0_0/COREAXI4INTERCONNECT_C0_0/MstConvertor_loop[0].mstrconv/rgsl/genblk4.wrs/holdDat25                      |
| 73     | INT_NET | Net   : COREAXI4INTERCONNECT_C0_0/COREAXI4INTERCONNECT_C0_0/MstConvertor_loop[0].mstrconv/rgsl/genblk3.rrs/holdDat15_Z                    |
|        |         | Driver: COREAXI4INTERCONNECT_C0_0/COREAXI4INTERCONNECT_C0_0/MstConvertor_loop[0].mstrconv/rgsl/genblk3.rrs/holdDat15                      |
+--------+---------+-------------------------------------------------------------------------------------------------------------------------------------------+

