----------------------------------------------------------------
-Pin Report - Date: Tue Jun 23 17:35:35 2026 Pinchecksum: NOT-AVAILABLE
-Product: Designer
-Release: 2025.2
-Version: 2025.2.0.14
-Design Name: Top
-Family: PolarFireSoC
-Die: MPFS095T
-Package: FCSG325
-----------------------------------------------------------------

Port             |Pin |Fixed |Function                                             |Bank     |I/O Std   |Direction    |Used I/O Reg       |User I/O Lock Down |Clamp Diode   |Resistor Pull                     |Use I/O Calibration from the lane |Schmitt Trigger |Vcm Input Range    |On Die Termination |Odt Value (Ohm) |Input Delay |Slew              |Output Drive (mA) |Impedance (ohm)  |Output Load (pF)         |Source Termination (Ohm) |Output Delay      |MSS Resistor Pull |MSS Clamp Diode |MSS Persist            |MSS User I/O Lock Down |MSS Odt (Ohm)      |MSS Thevenin (Ohm)  |MSS Schmitt Trigger |MSS Vcm Input Range               |MSS Low Power Mode Input Receiver |MSS Low Power Mode Output Buffer |MSS Output Drive (mA)        |MSS Source Termination (Ohm) |
-----------------|----|------|-----------------------------------------------------|---------|----------|-------------|-------------------|-------------------|--------------|----------------------------------|----------------------------------|----------------|-------------------|-------------------|----------------|------------|------------------|------------------|-----------------|-------------------------|-------------------------|------------------|------------------|----------------|-----------------------|-----------------------|-------------------|--------------------|--------------------|----------------------------------|----------------------------------|---------------------------------|-----------------------------|-----------------------------|
EXT_RST_N         T19  Yes    HSIO54NB0                                             Bank0     LVCMOS18   Input         None                No                  ON             Up                                 No                                 OFF              ---                 OFF                 120              OFF          ---                ---                ---               ---                       ---                       ---                
Mikrobus_Cs       C16  Yes    GPIO130NB1                                            Bank1     LVCMOS18   Output        None                No                  ON             None                               No                                 ---              ---                 ---                 120              ---          OFF                8                  ---               5                         ---                       OFF                
Mikrobus_Miso     A18  Yes    GPIO3NB1                                              Bank1     LVCMOS18   Input         None                No                  ON             Up                                 No                                 OFF              ---                 OFF                 120              OFF          ---                ---                ---               ---                       ---                       ---                
Mikrobus_Mosi     E11  Yes    GPIO120NB1                                            Bank1     LVCMOS18   Output        None                No                  ON             None                               No                                 ---              ---                 ---                 120              ---          OFF                8                  ---               5                         ---                       OFF                
Mikrobus_Sck      E17  Yes    GPIO9PB1/CLKIN_S_8/CCC_SE_CLKIN_S_8/CCC_SE_PLL0_OUT0  Bank1     LVCMOS18   Output        None                No                  ON             None                               No                                 ---              ---                 ---                 120              ---          OFF                8                  ---               5                         ---                       OFF                
MMUART_0_RXD_F2M  W21  Yes    HSIO71NB0                                             Bank0     LVCMOS18   Input         None                No                  ON             Up                                 No                                 OFF              ---                 OFF                 120              OFF          ---                ---                ---               ---                       ---                       ---                
MMUART_0_TXD_M2F  Y21  Yes    HSIO71PB0                                             Bank0     LVCMOS18   Output        None                No                  ON             None                               No                                 ---              ---                 ---                 120              ---          OFF                8                  ---               5                         ---                       OFF                
MMUART_1_RXD      F2   Yes    MSSIO19B2                                             Bank2     LVCMOS33   Input         ---                 ---                 ---            ---                                ---                                ---              ---                 ---                 ---              ---          ---                ---                ---               ---                       ---                       ---                Up                 OFF              OFF                     OFF                     ---                 ---                  OFF                  ---                                OFF                                ---                               ---                           ---                           
MMUART_1_TXD      F4   Yes    MSSIO20B2                                             Bank2     LVCMOS33   Output        ---                 ---                 ---            ---                                ---                                ---              ---                 ---                 ---              ---          ---                ---                ---               ---                       ---                       ---                Up                 OFF              OFF                     OFF                     ---                 ---                  ---                  ---                                ---                                OFF                               8                             ---                           
MMUART_4_RXD      G2   Yes    MSSIO15B2                                             Bank2     LVCMOS33   Input         ---                 ---                 ---            ---                                ---                                ---              ---                 ---                 ---              ---          ---                ---                ---               ---                       ---                       ---                Up                 OFF              OFF                     OFF                     ---                 ---                  OFF                  ---                                OFF                                ---                               ---                           ---                           
MMUART_4_TXD      H4   Yes    MSSIO16B2                                             Bank2     LVCMOS33   Output        ---                 ---                 ---            ---                                ---                                ---              ---                 ---                 ---              ---          ---                ---                ---               ---                       ---                       ---                Up                 OFF              OFF                     OFF                     ---                 ---                  ---                  ---                                ---                                OFF                               8                             ---                           
REFCLK            P5   Yes    MSS_REFCLK_IN_P                                       Bank5     LVDS25     Input         ---                 ---                 ---            ---                                ---                                ---              ---                 ---                 ---              ---          ---                ---                ---               ---                       ---                       ---                ---                ---              ---                     OFF                     100                 ---                  ---                  ---                                ---                                ---                               ---                           ---                           
REFCLK_N          P4   Yes    MSS_REFCLK_IN_N                                       Bank5     LVDS25     Input         ---                 ---                 ---            ---                                ---                                ---              ---                 ---                 ---              ---          ---                ---                ---               ---                       ---                       ---                ---                ---              ---                     OFF                     100                 ---                  ---                  ---                                ---                                ---                               ---                           ---                           
