
Copyright (C) 1994-2025 Synopsys, Inc.
This Synopsys software and all associated documentation are proprietary to Synopsys, Inc.
and may only be used pursuant to the terms and conditions of a written license agreement
with Synopsys, Inc. All other use, reproduction, modification, or distribution of the
Synopsys software or the associated documentation is strictly prohibited.
Tool: Synplify Pro (R)
Build: W-2025.03M-SP1-1
Install: C:\Microchip\Libero_SoC_2025.2\Libero_SoC\Synplify_Pro
OS: Windows 10 or later
Hostname: WDESTO11433

Implementation : synthesis
Synopsys HDL compiler and linker, Version comp202503synp2, Build 183R, Built Nov 18 2025 09:08:11, @

Modified Files: 11
FID:  path (prevtimestamp, timestamp)
210      C:\Daten\ERES-PROJECT\source_code\MPFS_DiscoKit_Lab6\PF_SOC\component\syn_comps.v (2026-06-21 11:32:47, 2026-06-23 16:57:28)
223      C:\Daten\ERES-PROJECT\source_code\MPFS_DiscoKit_Lab6\PF_SOC\component\work\PF_SRAM_AHBL_AXI_C0\COREAXI4SRAM_0\rtl\vlog\core\CoreAXI4SRAM.v (2026-06-15 17:26:23, 2026-06-23 16:42:56)
224      C:\Daten\ERES-PROJECT\source_code\MPFS_DiscoKit_Lab6\PF_SOC\component\work\PF_SRAM_AHBL_AXI_C0\COREAXI4SRAM_0\rtl\vlog\core\CoreAXI4SRAM_MAINCTRL.v (2026-06-15 17:26:23, 2026-06-23 16:42:56)
225      C:\Daten\ERES-PROJECT\source_code\MPFS_DiscoKit_Lab6\PF_SOC\component\work\PF_SRAM_AHBL_AXI_C0\COREAXI4SRAM_0\rtl\vlog\core\CoreAXI4SRAM_MAINCTRL_ECC.v (2026-06-15 17:26:23, 2026-06-23 16:42:56)
226      C:\Daten\ERES-PROJECT\source_code\MPFS_DiscoKit_Lab6\PF_SOC\component\work\PF_SRAM_AHBL_AXI_C0\COREAXI4SRAM_0\rtl\vlog\core\CoreAXI4SRAM_MAINCTRL_ECC_RT.v (2026-06-15 17:26:23, 2026-06-23 16:42:56)
227      C:\Daten\ERES-PROJECT\source_code\MPFS_DiscoKit_Lab6\PF_SOC\component\work\PF_SRAM_AHBL_AXI_C0\COREAXI4SRAM_0\rtl\vlog\core\CoreAXI4SRAM_MAINCTRL_RT.v (2026-06-15 17:26:23, 2026-06-23 16:42:56)
228      C:\Daten\ERES-PROJECT\source_code\MPFS_DiscoKit_Lab6\PF_SOC\component\work\PF_SRAM_AHBL_AXI_C0\COREAXI4SRAM_0\rtl\vlog\core\CoreAXI4SRAM_SLVIF.v (2026-06-15 17:26:23, 2026-06-23 16:42:56)
229      C:\Daten\ERES-PROJECT\source_code\MPFS_DiscoKit_Lab6\PF_SOC\component\work\PF_SRAM_AHBL_AXI_C0\PF_SRAM_AHBL_AXI_C0.v (2026-06-15 17:26:23, 2026-06-23 16:55:47)
230      C:\Daten\ERES-PROJECT\source_code\MPFS_DiscoKit_Lab6\PF_SOC\component\work\PF_SRAM_AHBL_AXI_C0\PF_TPSRAM_AHB_AXI_0\PF_SRAM_AHBL_AXI_C0_PF_TPSRAM_AHB_AXI_0_PF_TPSRAM.v (2026-06-15 17:26:23, 2026-06-23 16:55:47)
231      C:\Daten\ERES-PROJECT\source_code\MPFS_DiscoKit_Lab6\PF_SOC\component\work\Top\Top.vhd (2026-06-21 11:31:28, 2026-06-23 16:57:09)
237      C:\Daten\ERES-PROJECT\source_code\MPFS_DiscoKit_Lab6\PF_SOC\hdl\SPI_Master_for_MCP3204.vhd (2026-06-21 11:30:30, 2026-06-23 16:57:04)

*******************************************************************
Modules that may have changed as a result of file changes: 174
MID:  lib.cell.view
0        coreapb3_lib.coreapb3.coreapb3_arch may have changed because the following files changed:
                        C:\Daten\ERES-PROJECT\source_code\MPFS_DiscoKit_Lab6\PF_SOC\component\work\Top\Top.vhd (2026-06-21 11:31:28, 2026-06-23 16:57:09) <-- (may instantiate this module)
2        coreapb3_lib.coreapb3_iaddr_reg.rtl may have changed because the following files changed:
                        C:\Daten\ERES-PROJECT\source_code\MPFS_DiscoKit_Lab6\PF_SOC\component\work\Top\Top.vhd (2026-06-21 11:31:28, 2026-06-23 16:57:09) <-- (may instantiate this module)
4        coreapb3_lib.coreapb3_muxptob3.coreapb3_muxptob3_arch may have changed because the following files changed:
                        C:\Daten\ERES-PROJECT\source_code\MPFS_DiscoKit_Lab6\PF_SOC\component\work\Top\Top.vhd (2026-06-21 11:31:28, 2026-06-23 16:57:09) <-- (may instantiate this module)
188      coregpio_lib.coregpio_c0_coregpio_c0_0_coregpio.rtl may have changed because the following files changed:
                        C:\Daten\ERES-PROJECT\source_code\MPFS_DiscoKit_Lab6\PF_SOC\component\work\Top\Top.vhd (2026-06-21 11:31:28, 2026-06-23 16:57:09) <-- (may instantiate this module)
16       work.APBM.verilog may have changed because the following files changed:
                        C:\Daten\ERES-PROJECT\source_code\MPFS_DiscoKit_Lab6\PF_SOC\component\syn_comps.v (2026-06-21 11:32:47, 2026-06-23 16:57:28) <-- (module definition)
                        C:\Daten\ERES-PROJECT\source_code\MPFS_DiscoKit_Lab6\PF_SOC\component\work\Top\Top.vhd (2026-06-21 11:31:28, 2026-06-23 16:57:09) <-- (may instantiate this module)
17       work.APBS.verilog may have changed because the following files changed:
                        C:\Daten\ERES-PROJECT\source_code\MPFS_DiscoKit_Lab6\PF_SOC\component\syn_comps.v (2026-06-21 11:32:47, 2026-06-23 16:57:28) <-- (module definition)
                        C:\Daten\ERES-PROJECT\source_code\MPFS_DiscoKit_Lab6\PF_SOC\component\work\Top\Top.vhd (2026-06-21 11:31:28, 2026-06-23 16:57:09) <-- (may instantiate this module)
18       work.BANKCTRLM.verilog may have changed because the following files changed:
                        C:\Daten\ERES-PROJECT\source_code\MPFS_DiscoKit_Lab6\PF_SOC\component\syn_comps.v (2026-06-21 11:32:47, 2026-06-23 16:57:28) <-- (module definition)
                        C:\Daten\ERES-PROJECT\source_code\MPFS_DiscoKit_Lab6\PF_SOC\component\work\Top\Top.vhd (2026-06-21 11:31:28, 2026-06-23 16:57:09) <-- (may instantiate this module)
19       work.BANKCTRL_GPIO.verilog may have changed because the following files changed:
                        C:\Daten\ERES-PROJECT\source_code\MPFS_DiscoKit_Lab6\PF_SOC\component\syn_comps.v (2026-06-21 11:32:47, 2026-06-23 16:57:28) <-- (module definition)
                        C:\Daten\ERES-PROJECT\source_code\MPFS_DiscoKit_Lab6\PF_SOC\component\work\Top\Top.vhd (2026-06-21 11:31:28, 2026-06-23 16:57:09) <-- (may instantiate this module)
20       work.BANKCTRL_HSIO.verilog may have changed because the following files changed:
                        C:\Daten\ERES-PROJECT\source_code\MPFS_DiscoKit_Lab6\PF_SOC\component\syn_comps.v (2026-06-21 11:32:47, 2026-06-23 16:57:28) <-- (module definition)
                        C:\Daten\ERES-PROJECT\source_code\MPFS_DiscoKit_Lab6\PF_SOC\component\work\Top\Top.vhd (2026-06-21 11:31:28, 2026-06-23 16:57:09) <-- (may instantiate this module)
21       work.BANKEN.verilog may have changed because the following files changed:
                        C:\Daten\ERES-PROJECT\source_code\MPFS_DiscoKit_Lab6\PF_SOC\component\syn_comps.v (2026-06-21 11:32:47, 2026-06-23 16:57:28) <-- (module definition)
                        C:\Daten\ERES-PROJECT\source_code\MPFS_DiscoKit_Lab6\PF_SOC\component\work\Top\Top.vhd (2026-06-21 11:31:28, 2026-06-23 16:57:09) <-- (may instantiate this module)
22       work.CLKBUF_DIFF.verilog may have changed because the following files changed:
                        C:\Daten\ERES-PROJECT\source_code\MPFS_DiscoKit_Lab6\PF_SOC\component\syn_comps.v (2026-06-21 11:32:47, 2026-06-23 16:57:28) <-- (module definition)
                        C:\Daten\ERES-PROJECT\source_code\MPFS_DiscoKit_Lab6\PF_SOC\component\work\Top\Top.vhd (2026-06-21 11:31:28, 2026-06-23 16:57:09) <-- (may instantiate this module)
23       work.CLKBUF_DIFF_ODT.verilog may have changed because the following files changed:
                        C:\Daten\ERES-PROJECT\source_code\MPFS_DiscoKit_Lab6\PF_SOC\component\syn_comps.v (2026-06-21 11:32:47, 2026-06-23 16:57:28) <-- (module definition)
                        C:\Daten\ERES-PROJECT\source_code\MPFS_DiscoKit_Lab6\PF_SOC\component\work\Top\Top.vhd (2026-06-21 11:31:28, 2026-06-23 16:57:09) <-- (may instantiate this module)
24       work.COREAXI4INTERCONNECT.verilog may have changed because the following files changed:
                        C:\Daten\ERES-PROJECT\source_code\MPFS_DiscoKit_Lab6\PF_SOC\component\work\Top\Top.vhd (2026-06-21 11:31:28, 2026-06-23 16:57:09) <-- (may instantiate this module)
25       work.COREAXI4INTERCONNECT_C0.verilog may have changed because the following files changed:
                        C:\Daten\ERES-PROJECT\source_code\MPFS_DiscoKit_Lab6\PF_SOC\component\work\Top\Top.vhd (2026-06-21 11:31:28, 2026-06-23 16:57:09) <-- (may instantiate this module)
26       work.CORELNKTMR_V.verilog may have changed because the following files changed:
                        C:\Daten\ERES-PROJECT\source_code\MPFS_DiscoKit_Lab6\PF_SOC\component\syn_comps.v (2026-06-21 11:32:47, 2026-06-23 16:57:28) <-- (module definition)
                        C:\Daten\ERES-PROJECT\source_code\MPFS_DiscoKit_Lab6\PF_SOC\component\work\Top\Top.vhd (2026-06-21 11:31:28, 2026-06-23 16:57:09) <-- (may instantiate this module)
27       work.CORERESET_PF_C0.verilog may have changed because the following files changed:
                        C:\Daten\ERES-PROJECT\source_code\MPFS_DiscoKit_Lab6\PF_SOC\component\work\Top\Top.vhd (2026-06-21 11:31:28, 2026-06-23 16:57:09) <-- (may instantiate this module)
28       work.CORERESET_PF_C0_CORERESET_PF_C0_0_CORERESET_PF.verilog may have changed because the following files changed:
                        C:\Daten\ERES-PROJECT\source_code\MPFS_DiscoKit_Lab6\PF_SOC\component\work\Top\Top.vhd (2026-06-21 11:31:28, 2026-06-23 16:57:09) <-- (may instantiate this module)
29       work.CRN_COMMON.verilog may have changed because the following files changed:
                        C:\Daten\ERES-PROJECT\source_code\MPFS_DiscoKit_Lab6\PF_SOC\component\syn_comps.v (2026-06-21 11:32:47, 2026-06-23 16:57:28) <-- (module definition)
                        C:\Daten\ERES-PROJECT\source_code\MPFS_DiscoKit_Lab6\PF_SOC\component\work\Top\Top.vhd (2026-06-21 11:31:28, 2026-06-23 16:57:09) <-- (may instantiate this module)
30       work.CRN_INT.verilog may have changed because the following files changed:
                        C:\Daten\ERES-PROJECT\source_code\MPFS_DiscoKit_Lab6\PF_SOC\component\syn_comps.v (2026-06-21 11:32:47, 2026-06-23 16:57:28) <-- (module definition)
                        C:\Daten\ERES-PROJECT\source_code\MPFS_DiscoKit_Lab6\PF_SOC\component\work\Top\Top.vhd (2026-06-21 11:31:28, 2026-06-23 16:57:09) <-- (may instantiate this module)
31       work.CRYPTO.verilog may have changed because the following files changed:
                        C:\Daten\ERES-PROJECT\source_code\MPFS_DiscoKit_Lab6\PF_SOC\component\syn_comps.v (2026-06-21 11:32:47, 2026-06-23 16:57:28) <-- (module definition)
                        C:\Daten\ERES-PROJECT\source_code\MPFS_DiscoKit_Lab6\PF_SOC\component\work\Top\Top.vhd (2026-06-21 11:31:28, 2026-06-23 16:57:09) <-- (may instantiate this module)
32       work.CRYPTO_SOC.verilog may have changed because the following files changed:
                        C:\Daten\ERES-PROJECT\source_code\MPFS_DiscoKit_Lab6\PF_SOC\component\syn_comps.v (2026-06-21 11:32:47, 2026-06-23 16:57:28) <-- (module definition)
                        C:\Daten\ERES-PROJECT\source_code\MPFS_DiscoKit_Lab6\PF_SOC\component\work\Top\Top.vhd (2026-06-21 11:31:28, 2026-06-23 16:57:09) <-- (may instantiate this module)
33       work.DEBUG.verilog may have changed because the following files changed:
                        C:\Daten\ERES-PROJECT\source_code\MPFS_DiscoKit_Lab6\PF_SOC\component\syn_comps.v (2026-06-21 11:32:47, 2026-06-23 16:57:28) <-- (module definition)
                        C:\Daten\ERES-PROJECT\source_code\MPFS_DiscoKit_Lab6\PF_SOC\component\work\Top\Top.vhd (2026-06-21 11:31:28, 2026-06-23 16:57:09) <-- (may instantiate this module)
34       work.DLL.verilog may have changed because the following files changed:
                        C:\Daten\ERES-PROJECT\source_code\MPFS_DiscoKit_Lab6\PF_SOC\component\syn_comps.v (2026-06-21 11:32:47, 2026-06-23 16:57:28) <-- (module definition)
                        C:\Daten\ERES-PROJECT\source_code\MPFS_DiscoKit_Lab6\PF_SOC\component\work\Top\Top.vhd (2026-06-21 11:31:28, 2026-06-23 16:57:09) <-- (may instantiate this module)
35       work.DRI.verilog may have changed because the following files changed:
                        C:\Daten\ERES-PROJECT\source_code\MPFS_DiscoKit_Lab6\PF_SOC\component\syn_comps.v (2026-06-21 11:32:47, 2026-06-23 16:57:28) <-- (module definition)
                        C:\Daten\ERES-PROJECT\source_code\MPFS_DiscoKit_Lab6\PF_SOC\component\work\Top\Top.vhd (2026-06-21 11:31:28, 2026-06-23 16:57:09) <-- (may instantiate this module)
36       work.ENFORCE.verilog may have changed because the following files changed:
                        C:\Daten\ERES-PROJECT\source_code\MPFS_DiscoKit_Lab6\PF_SOC\component\syn_comps.v (2026-06-21 11:32:47, 2026-06-23 16:57:28) <-- (module definition)
                        C:\Daten\ERES-PROJECT\source_code\MPFS_DiscoKit_Lab6\PF_SOC\component\work\Top\Top.vhd (2026-06-21 11:31:28, 2026-06-23 16:57:09) <-- (may instantiate this module)
37       work.GLITCHDETECT.verilog may have changed because the following files changed:
                        C:\Daten\ERES-PROJECT\source_code\MPFS_DiscoKit_Lab6\PF_SOC\component\syn_comps.v (2026-06-21 11:32:47, 2026-06-23 16:57:28) <-- (module definition)
                        C:\Daten\ERES-PROJECT\source_code\MPFS_DiscoKit_Lab6\PF_SOC\component\work\Top\Top.vhd (2026-06-21 11:31:28, 2026-06-23 16:57:09) <-- (may instantiate this module)
38       work.GPSS_COMMON.verilog may have changed because the following files changed:
                        C:\Daten\ERES-PROJECT\source_code\MPFS_DiscoKit_Lab6\PF_SOC\component\syn_comps.v (2026-06-21 11:32:47, 2026-06-23 16:57:28) <-- (module definition)
                        C:\Daten\ERES-PROJECT\source_code\MPFS_DiscoKit_Lab6\PF_SOC\component\work\Top\Top.vhd (2026-06-21 11:31:28, 2026-06-23 16:57:09) <-- (may instantiate this module)
39       work.HS_IO_CLK.verilog may have changed because the following files changed:
                        C:\Daten\ERES-PROJECT\source_code\MPFS_DiscoKit_Lab6\PF_SOC\component\syn_comps.v (2026-06-21 11:32:47, 2026-06-23 16:57:28) <-- (module definition)
                        C:\Daten\ERES-PROJECT\source_code\MPFS_DiscoKit_Lab6\PF_SOC\component\work\Top\Top.vhd (2026-06-21 11:31:28, 2026-06-23 16:57:09) <-- (may instantiate this module)
40       work.ICB_BANKCLK.verilog may have changed because the following files changed:
                        C:\Daten\ERES-PROJECT\source_code\MPFS_DiscoKit_Lab6\PF_SOC\component\syn_comps.v (2026-06-21 11:32:47, 2026-06-23 16:57:28) <-- (module definition)
                        C:\Daten\ERES-PROJECT\source_code\MPFS_DiscoKit_Lab6\PF_SOC\component\work\Top\Top.vhd (2026-06-21 11:31:28, 2026-06-23 16:57:09) <-- (may instantiate this module)
41       work.ICB_CLKDIV.verilog may have changed because the following files changed:
                        C:\Daten\ERES-PROJECT\source_code\MPFS_DiscoKit_Lab6\PF_SOC\component\syn_comps.v (2026-06-21 11:32:47, 2026-06-23 16:57:28) <-- (module definition)
                        C:\Daten\ERES-PROJECT\source_code\MPFS_DiscoKit_Lab6\PF_SOC\component\work\Top\Top.vhd (2026-06-21 11:31:28, 2026-06-23 16:57:09) <-- (may instantiate this module)
42       work.ICB_CLKDIVDELAY.verilog may have changed because the following files changed:
                        C:\Daten\ERES-PROJECT\source_code\MPFS_DiscoKit_Lab6\PF_SOC\component\syn_comps.v (2026-06-21 11:32:47, 2026-06-23 16:57:28) <-- (module definition)
                        C:\Daten\ERES-PROJECT\source_code\MPFS_DiscoKit_Lab6\PF_SOC\component\work\Top\Top.vhd (2026-06-21 11:31:28, 2026-06-23 16:57:09) <-- (may instantiate this module)
43       work.ICB_CLKINT.verilog may have changed because the following files changed:
                        C:\Daten\ERES-PROJECT\source_code\MPFS_DiscoKit_Lab6\PF_SOC\component\syn_comps.v (2026-06-21 11:32:47, 2026-06-23 16:57:28) <-- (module definition)
                        C:\Daten\ERES-PROJECT\source_code\MPFS_DiscoKit_Lab6\PF_SOC\component\work\Top\Top.vhd (2026-06-21 11:31:28, 2026-06-23 16:57:09) <-- (may instantiate this module)
44       work.ICB_CLKSTOP.verilog may have changed because the following files changed:
                        C:\Daten\ERES-PROJECT\source_code\MPFS_DiscoKit_Lab6\PF_SOC\component\syn_comps.v (2026-06-21 11:32:47, 2026-06-23 16:57:28) <-- (module definition)
                        C:\Daten\ERES-PROJECT\source_code\MPFS_DiscoKit_Lab6\PF_SOC\component\work\Top\Top.vhd (2026-06-21 11:31:28, 2026-06-23 16:57:09) <-- (may instantiate this module)
45       work.ICB_CLKSTOP_EN.verilog may have changed because the following files changed:
                        C:\Daten\ERES-PROJECT\source_code\MPFS_DiscoKit_Lab6\PF_SOC\component\syn_comps.v (2026-06-21 11:32:47, 2026-06-23 16:57:28) <-- (module definition)
                        C:\Daten\ERES-PROJECT\source_code\MPFS_DiscoKit_Lab6\PF_SOC\component\work\Top\Top.vhd (2026-06-21 11:31:28, 2026-06-23 16:57:09) <-- (may instantiate this module)
46       work.ICB_INT.verilog may have changed because the following files changed:
                        C:\Daten\ERES-PROJECT\source_code\MPFS_DiscoKit_Lab6\PF_SOC\component\syn_comps.v (2026-06-21 11:32:47, 2026-06-23 16:57:28) <-- (module definition)
                        C:\Daten\ERES-PROJECT\source_code\MPFS_DiscoKit_Lab6\PF_SOC\component\work\Top\Top.vhd (2026-06-21 11:31:28, 2026-06-23 16:57:09) <-- (may instantiate this module)
47       work.ICB_MUXING.verilog may have changed because the following files changed:
                        C:\Daten\ERES-PROJECT\source_code\MPFS_DiscoKit_Lab6\PF_SOC\component\syn_comps.v (2026-06-21 11:32:47, 2026-06-23 16:57:28) <-- (module definition)
                        C:\Daten\ERES-PROJECT\source_code\MPFS_DiscoKit_Lab6\PF_SOC\component\work\Top\Top.vhd (2026-06-21 11:31:28, 2026-06-23 16:57:09) <-- (may instantiate this module)
48       work.ICB_NGMUX.verilog may have changed because the following files changed:
                        C:\Daten\ERES-PROJECT\source_code\MPFS_DiscoKit_Lab6\PF_SOC\component\syn_comps.v (2026-06-21 11:32:47, 2026-06-23 16:57:28) <-- (module definition)
                        C:\Daten\ERES-PROJECT\source_code\MPFS_DiscoKit_Lab6\PF_SOC\component\work\Top\Top.vhd (2026-06-21 11:31:28, 2026-06-23 16:57:09) <-- (may instantiate this module)
49       work.INIT.verilog may have changed because the following files changed:
                        C:\Daten\ERES-PROJECT\source_code\MPFS_DiscoKit_Lab6\PF_SOC\component\syn_comps.v (2026-06-21 11:32:47, 2026-06-23 16:57:28) <-- (module definition)
                        C:\Daten\ERES-PROJECT\source_code\MPFS_DiscoKit_Lab6\PF_SOC\component\work\Top\Top.vhd (2026-06-21 11:31:28, 2026-06-23 16:57:09) <-- (may instantiate this module)
50       work.IOD.verilog may have changed because the following files changed:
                        C:\Daten\ERES-PROJECT\source_code\MPFS_DiscoKit_Lab6\PF_SOC\component\syn_comps.v (2026-06-21 11:32:47, 2026-06-23 16:57:28) <-- (module definition)
                        C:\Daten\ERES-PROJECT\source_code\MPFS_DiscoKit_Lab6\PF_SOC\component\work\Top\Top.vhd (2026-06-21 11:31:28, 2026-06-23 16:57:09) <-- (may instantiate this module)
51       work.LANECTRL.verilog may have changed because the following files changed:
                        C:\Daten\ERES-PROJECT\source_code\MPFS_DiscoKit_Lab6\PF_SOC\component\syn_comps.v (2026-06-21 11:32:47, 2026-06-23 16:57:28) <-- (module definition)
                        C:\Daten\ERES-PROJECT\source_code\MPFS_DiscoKit_Lab6\PF_SOC\component\work\Top\Top.vhd (2026-06-21 11:31:28, 2026-06-23 16:57:09) <-- (may instantiate this module)
52       work.LANERST.verilog may have changed because the following files changed:
                        C:\Daten\ERES-PROJECT\source_code\MPFS_DiscoKit_Lab6\PF_SOC\component\syn_comps.v (2026-06-21 11:32:47, 2026-06-23 16:57:28) <-- (module definition)
                        C:\Daten\ERES-PROJECT\source_code\MPFS_DiscoKit_Lab6\PF_SOC\component\work\Top\Top.vhd (2026-06-21 11:31:28, 2026-06-23 16:57:09) <-- (may instantiate this module)
53       work.MCHP_BLIC.verilog may have changed because the following files changed:
                        C:\Daten\ERES-PROJECT\source_code\MPFS_DiscoKit_Lab6\PF_SOC\component\syn_comps.v (2026-06-21 11:32:47, 2026-06-23 16:57:28) <-- (module definition)
                        C:\Daten\ERES-PROJECT\source_code\MPFS_DiscoKit_Lab6\PF_SOC\component\work\Top\Top.vhd (2026-06-21 11:31:28, 2026-06-23 16:57:09) <-- (may instantiate this module)
54       work.MSS.verilog may have changed because the following files changed:
                        C:\Daten\ERES-PROJECT\source_code\MPFS_DiscoKit_Lab6\PF_SOC\component\work\Top\Top.vhd (2026-06-21 11:31:28, 2026-06-23 16:57:09) <-- (may instantiate this module)
55       work.OSC_RC160MHZ.verilog may have changed because the following files changed:
                        C:\Daten\ERES-PROJECT\source_code\MPFS_DiscoKit_Lab6\PF_SOC\component\syn_comps.v (2026-06-21 11:32:47, 2026-06-23 16:57:28) <-- (module definition)
                        C:\Daten\ERES-PROJECT\source_code\MPFS_DiscoKit_Lab6\PF_SOC\component\work\Top\Top.vhd (2026-06-21 11:31:28, 2026-06-23 16:57:09) <-- (may instantiate this module)
56       work.OSC_RC200MHZ.verilog may have changed because the following files changed:
                        C:\Daten\ERES-PROJECT\source_code\MPFS_DiscoKit_Lab6\PF_SOC\component\syn_comps.v (2026-06-21 11:32:47, 2026-06-23 16:57:28) <-- (module definition)
                        C:\Daten\ERES-PROJECT\source_code\MPFS_DiscoKit_Lab6\PF_SOC\component\work\Top\Top.vhd (2026-06-21 11:31:28, 2026-06-23 16:57:09) <-- (may instantiate this module)
57       work.OSC_RC2MHZ.verilog may have changed because the following files changed:
                        C:\Daten\ERES-PROJECT\source_code\MPFS_DiscoKit_Lab6\PF_SOC\component\syn_comps.v (2026-06-21 11:32:47, 2026-06-23 16:57:28) <-- (module definition)
                        C:\Daten\ERES-PROJECT\source_code\MPFS_DiscoKit_Lab6\PF_SOC\component\work\Top\Top.vhd (2026-06-21 11:31:28, 2026-06-23 16:57:09) <-- (may instantiate this module)
58       work.PCIE.verilog may have changed because the following files changed:
                        C:\Daten\ERES-PROJECT\source_code\MPFS_DiscoKit_Lab6\PF_SOC\component\syn_comps.v (2026-06-21 11:32:47, 2026-06-23 16:57:28) <-- (module definition)
                        C:\Daten\ERES-PROJECT\source_code\MPFS_DiscoKit_Lab6\PF_SOC\component\work\Top\Top.vhd (2026-06-21 11:31:28, 2026-06-23 16:57:09) <-- (may instantiate this module)
59       work.PCIE_COMMON.verilog may have changed because the following files changed:
                        C:\Daten\ERES-PROJECT\source_code\MPFS_DiscoKit_Lab6\PF_SOC\component\syn_comps.v (2026-06-21 11:32:47, 2026-06-23 16:57:28) <-- (module definition)
                        C:\Daten\ERES-PROJECT\source_code\MPFS_DiscoKit_Lab6\PF_SOC\component\work\Top\Top.vhd (2026-06-21 11:31:28, 2026-06-23 16:57:09) <-- (may instantiate this module)
60       work.PFSOC_INIT_MONITOR_C0.verilog may have changed because the following files changed:
                        C:\Daten\ERES-PROJECT\source_code\MPFS_DiscoKit_Lab6\PF_SOC\component\work\Top\Top.vhd (2026-06-21 11:31:28, 2026-06-23 16:57:09) <-- (may instantiate this module)
61       work.PFSOC_INIT_MONITOR_C0_PFSOC_INIT_MONITOR_C0_0_PFSOC_INIT_MONITOR.verilog may have changed because the following files changed:
                        C:\Daten\ERES-PROJECT\source_code\MPFS_DiscoKit_Lab6\PF_SOC\component\work\Top\Top.vhd (2026-06-21 11:31:28, 2026-06-23 16:57:09) <-- (may instantiate this module)
62       work.PFSOC_MSS_C0.verilog may have changed because the following files changed:
                        C:\Daten\ERES-PROJECT\source_code\MPFS_DiscoKit_Lab6\PF_SOC\component\work\Top\Top.vhd (2026-06-21 11:31:28, 2026-06-23 16:57:09) <-- (may instantiate this module)
63       work.PFSOC_SCSM.verilog may have changed because the following files changed:
                        C:\Daten\ERES-PROJECT\source_code\MPFS_DiscoKit_Lab6\PF_SOC\component\syn_comps.v (2026-06-21 11:32:47, 2026-06-23 16:57:28) <-- (module definition)
                        C:\Daten\ERES-PROJECT\source_code\MPFS_DiscoKit_Lab6\PF_SOC\component\work\Top\Top.vhd (2026-06-21 11:31:28, 2026-06-23 16:57:09) <-- (may instantiate this module)
64       work.PF_CCC_C1.verilog may have changed because the following files changed:
                        C:\Daten\ERES-PROJECT\source_code\MPFS_DiscoKit_Lab6\PF_SOC\component\work\Top\Top.vhd (2026-06-21 11:31:28, 2026-06-23 16:57:09) <-- (may instantiate this module)
65       work.PF_CCC_C1_PF_CCC_C1_0_PF_CCC.verilog may have changed because the following files changed:
                        C:\Daten\ERES-PROJECT\source_code\MPFS_DiscoKit_Lab6\PF_SOC\component\work\Top\Top.vhd (2026-06-21 11:31:28, 2026-06-23 16:57:09) <-- (may instantiate this module)
66       work.PF_OSC_C0.verilog may have changed because the following files changed:
                        C:\Daten\ERES-PROJECT\source_code\MPFS_DiscoKit_Lab6\PF_SOC\component\work\Top\Top.vhd (2026-06-21 11:31:28, 2026-06-23 16:57:09) <-- (may instantiate this module)
67       work.PF_OSC_C0_PF_OSC_C0_0_PF_OSC.verilog may have changed because the following files changed:
                        C:\Daten\ERES-PROJECT\source_code\MPFS_DiscoKit_Lab6\PF_SOC\component\work\Top\Top.vhd (2026-06-21 11:31:28, 2026-06-23 16:57:09) <-- (may instantiate this module)
68       work.PF_SPI.verilog may have changed because the following files changed:
                        C:\Daten\ERES-PROJECT\source_code\MPFS_DiscoKit_Lab6\PF_SOC\component\syn_comps.v (2026-06-21 11:32:47, 2026-06-23 16:57:28) <-- (module definition)
                        C:\Daten\ERES-PROJECT\source_code\MPFS_DiscoKit_Lab6\PF_SOC\component\work\Top\Top.vhd (2026-06-21 11:31:28, 2026-06-23 16:57:09) <-- (may instantiate this module)
69       work.PF_SRAM_AHBL_AXI_C0.verilog may have changed because the following files changed:
                        C:\Daten\ERES-PROJECT\source_code\MPFS_DiscoKit_Lab6\PF_SOC\component\work\PF_SRAM_AHBL_AXI_C0\PF_SRAM_AHBL_AXI_C0.v (2026-06-15 17:26:23, 2026-06-23 16:55:47) <-- (module definition)
                        C:\Daten\ERES-PROJECT\source_code\MPFS_DiscoKit_Lab6\PF_SOC\component\work\Top\Top.vhd (2026-06-21 11:31:28, 2026-06-23 16:57:09) <-- (may instantiate this module)
70       work.PF_SRAM_AHBL_AXI_C0_COREAXI4SRAM_0_COREAXI4SRAM.verilog may have changed because the following files changed:
                        C:\Daten\ERES-PROJECT\source_code\MPFS_DiscoKit_Lab6\PF_SOC\component\work\PF_SRAM_AHBL_AXI_C0\COREAXI4SRAM_0\rtl\vlog\core\CoreAXI4SRAM.v (2026-06-15 17:26:23, 2026-06-23 16:42:56) <-- (module definition)
                        C:\Daten\ERES-PROJECT\source_code\MPFS_DiscoKit_Lab6\PF_SOC\component\work\PF_SRAM_AHBL_AXI_C0\PF_SRAM_AHBL_AXI_C0.v (2026-06-15 17:26:23, 2026-06-23 16:55:47) <-- (may instantiate this module)
                        C:\Daten\ERES-PROJECT\source_code\MPFS_DiscoKit_Lab6\PF_SOC\component\work\Top\Top.vhd (2026-06-21 11:31:28, 2026-06-23 16:57:09) <-- (may instantiate this module)
71       work.PF_SRAM_AHBL_AXI_C0_COREAXI4SRAM_0_CoreAXI4SRAM_MAINCTRL.verilog may have changed because the following files changed:
                        C:\Daten\ERES-PROJECT\source_code\MPFS_DiscoKit_Lab6\PF_SOC\component\work\PF_SRAM_AHBL_AXI_C0\COREAXI4SRAM_0\rtl\vlog\core\CoreAXI4SRAM.v (2026-06-15 17:26:23, 2026-06-23 16:42:56) <-- (may instantiate this module)
                        C:\Daten\ERES-PROJECT\source_code\MPFS_DiscoKit_Lab6\PF_SOC\component\work\PF_SRAM_AHBL_AXI_C0\COREAXI4SRAM_0\rtl\vlog\core\CoreAXI4SRAM_MAINCTRL.v (2026-06-15 17:26:23, 2026-06-23 16:42:56) <-- (module definition)
                        C:\Daten\ERES-PROJECT\source_code\MPFS_DiscoKit_Lab6\PF_SOC\component\work\PF_SRAM_AHBL_AXI_C0\PF_SRAM_AHBL_AXI_C0.v (2026-06-15 17:26:23, 2026-06-23 16:55:47) <-- (may instantiate this module)
                        C:\Daten\ERES-PROJECT\source_code\MPFS_DiscoKit_Lab6\PF_SOC\component\work\Top\Top.vhd (2026-06-21 11:31:28, 2026-06-23 16:57:09) <-- (may instantiate this module)
72       work.PF_SRAM_AHBL_AXI_C0_COREAXI4SRAM_0_CoreAXI4SRAM_MAINCTRL_ECC.verilog may have changed because the following files changed:
                        C:\Daten\ERES-PROJECT\source_code\MPFS_DiscoKit_Lab6\PF_SOC\component\work\PF_SRAM_AHBL_AXI_C0\COREAXI4SRAM_0\rtl\vlog\core\CoreAXI4SRAM.v (2026-06-15 17:26:23, 2026-06-23 16:42:56) <-- (may instantiate this module)
                        C:\Daten\ERES-PROJECT\source_code\MPFS_DiscoKit_Lab6\PF_SOC\component\work\PF_SRAM_AHBL_AXI_C0\COREAXI4SRAM_0\rtl\vlog\core\CoreAXI4SRAM_MAINCTRL_ECC.v (2026-06-15 17:26:23, 2026-06-23 16:42:56) <-- (module definition)
                        C:\Daten\ERES-PROJECT\source_code\MPFS_DiscoKit_Lab6\PF_SOC\component\work\PF_SRAM_AHBL_AXI_C0\PF_SRAM_AHBL_AXI_C0.v (2026-06-15 17:26:23, 2026-06-23 16:55:47) <-- (may instantiate this module)
                        C:\Daten\ERES-PROJECT\source_code\MPFS_DiscoKit_Lab6\PF_SOC\component\work\Top\Top.vhd (2026-06-21 11:31:28, 2026-06-23 16:57:09) <-- (may instantiate this module)
73       work.PF_SRAM_AHBL_AXI_C0_COREAXI4SRAM_0_CoreAXI4SRAM_MAINCTRL_ECC_RT.verilog may have changed because the following files changed:
                        C:\Daten\ERES-PROJECT\source_code\MPFS_DiscoKit_Lab6\PF_SOC\component\work\PF_SRAM_AHBL_AXI_C0\COREAXI4SRAM_0\rtl\vlog\core\CoreAXI4SRAM.v (2026-06-15 17:26:23, 2026-06-23 16:42:56) <-- (may instantiate this module)
                        C:\Daten\ERES-PROJECT\source_code\MPFS_DiscoKit_Lab6\PF_SOC\component\work\PF_SRAM_AHBL_AXI_C0\COREAXI4SRAM_0\rtl\vlog\core\CoreAXI4SRAM_MAINCTRL_ECC_RT.v (2026-06-15 17:26:23, 2026-06-23 16:42:56) <-- (module definition)
                        C:\Daten\ERES-PROJECT\source_code\MPFS_DiscoKit_Lab6\PF_SOC\component\work\PF_SRAM_AHBL_AXI_C0\PF_SRAM_AHBL_AXI_C0.v (2026-06-15 17:26:23, 2026-06-23 16:55:47) <-- (may instantiate this module)
                        C:\Daten\ERES-PROJECT\source_code\MPFS_DiscoKit_Lab6\PF_SOC\component\work\Top\Top.vhd (2026-06-21 11:31:28, 2026-06-23 16:57:09) <-- (may instantiate this module)
74       work.PF_SRAM_AHBL_AXI_C0_COREAXI4SRAM_0_CoreAXI4SRAM_MAINCTRL_RT.verilog may have changed because the following files changed:
                        C:\Daten\ERES-PROJECT\source_code\MPFS_DiscoKit_Lab6\PF_SOC\component\work\PF_SRAM_AHBL_AXI_C0\COREAXI4SRAM_0\rtl\vlog\core\CoreAXI4SRAM.v (2026-06-15 17:26:23, 2026-06-23 16:42:56) <-- (may instantiate this module)
                        C:\Daten\ERES-PROJECT\source_code\MPFS_DiscoKit_Lab6\PF_SOC\component\work\PF_SRAM_AHBL_AXI_C0\COREAXI4SRAM_0\rtl\vlog\core\CoreAXI4SRAM_MAINCTRL_RT.v (2026-06-15 17:26:23, 2026-06-23 16:42:56) <-- (module definition)
                        C:\Daten\ERES-PROJECT\source_code\MPFS_DiscoKit_Lab6\PF_SOC\component\work\PF_SRAM_AHBL_AXI_C0\PF_SRAM_AHBL_AXI_C0.v (2026-06-15 17:26:23, 2026-06-23 16:55:47) <-- (may instantiate this module)
                        C:\Daten\ERES-PROJECT\source_code\MPFS_DiscoKit_Lab6\PF_SOC\component\work\Top\Top.vhd (2026-06-21 11:31:28, 2026-06-23 16:57:09) <-- (may instantiate this module)
75       work.PF_SRAM_AHBL_AXI_C0_COREAXI4SRAM_0_CoreAXI4SRAM_SLVIF.verilog may have changed because the following files changed:
                        C:\Daten\ERES-PROJECT\source_code\MPFS_DiscoKit_Lab6\PF_SOC\component\work\PF_SRAM_AHBL_AXI_C0\COREAXI4SRAM_0\rtl\vlog\core\CoreAXI4SRAM.v (2026-06-15 17:26:23, 2026-06-23 16:42:56) <-- (may instantiate this module)
                        C:\Daten\ERES-PROJECT\source_code\MPFS_DiscoKit_Lab6\PF_SOC\component\work\PF_SRAM_AHBL_AXI_C0\COREAXI4SRAM_0\rtl\vlog\core\CoreAXI4SRAM_SLVIF.v (2026-06-15 17:26:23, 2026-06-23 16:42:56) <-- (module definition)
                        C:\Daten\ERES-PROJECT\source_code\MPFS_DiscoKit_Lab6\PF_SOC\component\work\PF_SRAM_AHBL_AXI_C0\PF_SRAM_AHBL_AXI_C0.v (2026-06-15 17:26:23, 2026-06-23 16:55:47) <-- (may instantiate this module)
                        C:\Daten\ERES-PROJECT\source_code\MPFS_DiscoKit_Lab6\PF_SOC\component\work\Top\Top.vhd (2026-06-21 11:31:28, 2026-06-23 16:57:09) <-- (may instantiate this module)
76       work.PF_SRAM_AHBL_AXI_C0_PF_TPSRAM_AHB_AXI_0_PF_TPSRAM.verilog may have changed because the following files changed:
                        C:\Daten\ERES-PROJECT\source_code\MPFS_DiscoKit_Lab6\PF_SOC\component\work\PF_SRAM_AHBL_AXI_C0\PF_SRAM_AHBL_AXI_C0.v (2026-06-15 17:26:23, 2026-06-23 16:55:47) <-- (may instantiate this module)
                        C:\Daten\ERES-PROJECT\source_code\MPFS_DiscoKit_Lab6\PF_SOC\component\work\PF_SRAM_AHBL_AXI_C0\PF_TPSRAM_AHB_AXI_0\PF_SRAM_AHBL_AXI_C0_PF_TPSRAM_AHB_AXI_0_PF_TPSRAM.v (2026-06-15 17:26:23, 2026-06-23 16:55:47) <-- (module definition)
                        C:\Daten\ERES-PROJECT\source_code\MPFS_DiscoKit_Lab6\PF_SOC\component\work\Top\Top.vhd (2026-06-21 11:31:28, 2026-06-23 16:57:09) <-- (may instantiate this module)
77       work.PLL.verilog may have changed because the following files changed:
                        C:\Daten\ERES-PROJECT\source_code\MPFS_DiscoKit_Lab6\PF_SOC\component\syn_comps.v (2026-06-21 11:32:47, 2026-06-23 16:57:28) <-- (module definition)
                        C:\Daten\ERES-PROJECT\source_code\MPFS_DiscoKit_Lab6\PF_SOC\component\work\Top\Top.vhd (2026-06-21 11:31:28, 2026-06-23 16:57:09) <-- (may instantiate this module)
78       work.QUADRST.verilog may have changed because the following files changed:
                        C:\Daten\ERES-PROJECT\source_code\MPFS_DiscoKit_Lab6\PF_SOC\component\syn_comps.v (2026-06-21 11:32:47, 2026-06-23 16:57:28) <-- (module definition)
                        C:\Daten\ERES-PROJECT\source_code\MPFS_DiscoKit_Lab6\PF_SOC\component\work\Top\Top.vhd (2026-06-21 11:31:28, 2026-06-23 16:57:09) <-- (may instantiate this module)
79       work.QUADRST_PCIE.verilog may have changed because the following files changed:
                        C:\Daten\ERES-PROJECT\source_code\MPFS_DiscoKit_Lab6\PF_SOC\component\syn_comps.v (2026-06-21 11:32:47, 2026-06-23 16:57:28) <-- (module definition)
                        C:\Daten\ERES-PROJECT\source_code\MPFS_DiscoKit_Lab6\PF_SOC\component\work\Top\Top.vhd (2026-06-21 11:31:28, 2026-06-23 16:57:09) <-- (may instantiate this module)
80       work.SCB.verilog may have changed because the following files changed:
                        C:\Daten\ERES-PROJECT\source_code\MPFS_DiscoKit_Lab6\PF_SOC\component\syn_comps.v (2026-06-21 11:32:47, 2026-06-23 16:57:28) <-- (module definition)
                        C:\Daten\ERES-PROJECT\source_code\MPFS_DiscoKit_Lab6\PF_SOC\component\work\Top\Top.vhd (2026-06-21 11:31:28, 2026-06-23 16:57:09) <-- (may instantiate this module)
81       work.SYSCTRL_RESET_STATUS.verilog may have changed because the following files changed:
                        C:\Daten\ERES-PROJECT\source_code\MPFS_DiscoKit_Lab6\PF_SOC\component\syn_comps.v (2026-06-21 11:32:47, 2026-06-23 16:57:28) <-- (module definition)
                        C:\Daten\ERES-PROJECT\source_code\MPFS_DiscoKit_Lab6\PF_SOC\component\work\Top\Top.vhd (2026-06-21 11:31:28, 2026-06-23 16:57:09) <-- (may instantiate this module)
82       work.SYSRESET.verilog may have changed because the following files changed:
                        C:\Daten\ERES-PROJECT\source_code\MPFS_DiscoKit_Lab6\PF_SOC\component\syn_comps.v (2026-06-21 11:32:47, 2026-06-23 16:57:28) <-- (module definition)
                        C:\Daten\ERES-PROJECT\source_code\MPFS_DiscoKit_Lab6\PF_SOC\component\work\Top\Top.vhd (2026-06-21 11:31:28, 2026-06-23 16:57:09) <-- (may instantiate this module)
83       work.SYS_SERVICES.verilog may have changed because the following files changed:
                        C:\Daten\ERES-PROJECT\source_code\MPFS_DiscoKit_Lab6\PF_SOC\component\syn_comps.v (2026-06-21 11:32:47, 2026-06-23 16:57:28) <-- (module definition)
                        C:\Daten\ERES-PROJECT\source_code\MPFS_DiscoKit_Lab6\PF_SOC\component\work\Top\Top.vhd (2026-06-21 11:31:28, 2026-06-23 16:57:09) <-- (may instantiate this module)
84       work.TAMPER.verilog may have changed because the following files changed:
                        C:\Daten\ERES-PROJECT\source_code\MPFS_DiscoKit_Lab6\PF_SOC\component\syn_comps.v (2026-06-21 11:32:47, 2026-06-23 16:57:28) <-- (module definition)
                        C:\Daten\ERES-PROJECT\source_code\MPFS_DiscoKit_Lab6\PF_SOC\component\work\Top\Top.vhd (2026-06-21 11:31:28, 2026-06-23 16:57:09) <-- (may instantiate this module)
85       work.TVS.verilog may have changed because the following files changed:
                        C:\Daten\ERES-PROJECT\source_code\MPFS_DiscoKit_Lab6\PF_SOC\component\syn_comps.v (2026-06-21 11:32:47, 2026-06-23 16:57:28) <-- (module definition)
                        C:\Daten\ERES-PROJECT\source_code\MPFS_DiscoKit_Lab6\PF_SOC\component\work\Top\Top.vhd (2026-06-21 11:31:28, 2026-06-23 16:57:09) <-- (may instantiate this module)
86       work.TX_PLL.verilog may have changed because the following files changed:
                        C:\Daten\ERES-PROJECT\source_code\MPFS_DiscoKit_Lab6\PF_SOC\component\syn_comps.v (2026-06-21 11:32:47, 2026-06-23 16:57:28) <-- (module definition)
                        C:\Daten\ERES-PROJECT\source_code\MPFS_DiscoKit_Lab6\PF_SOC\component\work\Top\Top.vhd (2026-06-21 11:31:28, 2026-06-23 16:57:09) <-- (may instantiate this module)
87       work.UPROM.verilog may have changed because the following files changed:
                        C:\Daten\ERES-PROJECT\source_code\MPFS_DiscoKit_Lab6\PF_SOC\component\syn_comps.v (2026-06-21 11:32:47, 2026-06-23 16:57:28) <-- (module definition)
                        C:\Daten\ERES-PROJECT\source_code\MPFS_DiscoKit_Lab6\PF_SOC\component\work\Top\Top.vhd (2026-06-21 11:31:28, 2026-06-23 16:57:09) <-- (may instantiate this module)
88       work.USPI.verilog may have changed because the following files changed:
                        C:\Daten\ERES-PROJECT\source_code\MPFS_DiscoKit_Lab6\PF_SOC\component\syn_comps.v (2026-06-21 11:32:47, 2026-06-23 16:57:28) <-- (module definition)
                        C:\Daten\ERES-PROJECT\source_code\MPFS_DiscoKit_Lab6\PF_SOC\component\work\Top\Top.vhd (2026-06-21 11:31:28, 2026-06-23 16:57:09) <-- (may instantiate this module)
89       work.VOLTAGEDETECT.verilog may have changed because the following files changed:
                        C:\Daten\ERES-PROJECT\source_code\MPFS_DiscoKit_Lab6\PF_SOC\component\syn_comps.v (2026-06-21 11:32:47, 2026-06-23 16:57:28) <-- (module definition)
                        C:\Daten\ERES-PROJECT\source_code\MPFS_DiscoKit_Lab6\PF_SOC\component\work\Top\Top.vhd (2026-06-21 11:31:28, 2026-06-23 16:57:09) <-- (may instantiate this module)
90       work.VREFBANKDYN.verilog may have changed because the following files changed:
                        C:\Daten\ERES-PROJECT\source_code\MPFS_DiscoKit_Lab6\PF_SOC\component\syn_comps.v (2026-06-21 11:32:47, 2026-06-23 16:57:28) <-- (module definition)
                        C:\Daten\ERES-PROJECT\source_code\MPFS_DiscoKit_Lab6\PF_SOC\component\work\Top\Top.vhd (2026-06-21 11:31:28, 2026-06-23 16:57:09) <-- (may instantiate this module)
91       work.VREFCTRL.verilog may have changed because the following files changed:
                        C:\Daten\ERES-PROJECT\source_code\MPFS_DiscoKit_Lab6\PF_SOC\component\syn_comps.v (2026-06-21 11:32:47, 2026-06-23 16:57:28) <-- (module definition)
                        C:\Daten\ERES-PROJECT\source_code\MPFS_DiscoKit_Lab6\PF_SOC\component\work\Top\Top.vhd (2026-06-21 11:31:28, 2026-06-23 16:57:09) <-- (may instantiate this module)
92       work.XCVR.verilog may have changed because the following files changed:
                        C:\Daten\ERES-PROJECT\source_code\MPFS_DiscoKit_Lab6\PF_SOC\component\syn_comps.v (2026-06-21 11:32:47, 2026-06-23 16:57:28) <-- (module definition)
                        C:\Daten\ERES-PROJECT\source_code\MPFS_DiscoKit_Lab6\PF_SOC\component\work\Top\Top.vhd (2026-06-21 11:31:28, 2026-06-23 16:57:09) <-- (may instantiate this module)
93       work.XCVR_64B6XB.verilog may have changed because the following files changed:
                        C:\Daten\ERES-PROJECT\source_code\MPFS_DiscoKit_Lab6\PF_SOC\component\syn_comps.v (2026-06-21 11:32:47, 2026-06-23 16:57:28) <-- (module definition)
                        C:\Daten\ERES-PROJECT\source_code\MPFS_DiscoKit_Lab6\PF_SOC\component\work\Top\Top.vhd (2026-06-21 11:31:28, 2026-06-23 16:57:09) <-- (may instantiate this module)
94       work.XCVR_8B10B.verilog may have changed because the following files changed:
                        C:\Daten\ERES-PROJECT\source_code\MPFS_DiscoKit_Lab6\PF_SOC\component\syn_comps.v (2026-06-21 11:32:47, 2026-06-23 16:57:28) <-- (module definition)
                        C:\Daten\ERES-PROJECT\source_code\MPFS_DiscoKit_Lab6\PF_SOC\component\work\Top\Top.vhd (2026-06-21 11:31:28, 2026-06-23 16:57:09) <-- (may instantiate this module)
95       work.XCVR_APB_LINK.verilog may have changed because the following files changed:
                        C:\Daten\ERES-PROJECT\source_code\MPFS_DiscoKit_Lab6\PF_SOC\component\syn_comps.v (2026-06-21 11:32:47, 2026-06-23 16:57:28) <-- (module definition)
                        C:\Daten\ERES-PROJECT\source_code\MPFS_DiscoKit_Lab6\PF_SOC\component\work\Top\Top.vhd (2026-06-21 11:31:28, 2026-06-23 16:57:09) <-- (may instantiate this module)
96       work.XCVR_APB_LINK_V.verilog may have changed because the following files changed:
                        C:\Daten\ERES-PROJECT\source_code\MPFS_DiscoKit_Lab6\PF_SOC\component\syn_comps.v (2026-06-21 11:32:47, 2026-06-23 16:57:28) <-- (module definition)
                        C:\Daten\ERES-PROJECT\source_code\MPFS_DiscoKit_Lab6\PF_SOC\component\work\Top\Top.vhd (2026-06-21 11:31:28, 2026-06-23 16:57:09) <-- (may instantiate this module)
97       work.XCVR_APB_LINK_V2.verilog may have changed because the following files changed:
                        C:\Daten\ERES-PROJECT\source_code\MPFS_DiscoKit_Lab6\PF_SOC\component\syn_comps.v (2026-06-21 11:32:47, 2026-06-23 16:57:28) <-- (module definition)
                        C:\Daten\ERES-PROJECT\source_code\MPFS_DiscoKit_Lab6\PF_SOC\component\work\Top\Top.vhd (2026-06-21 11:31:28, 2026-06-23 16:57:09) <-- (may instantiate this module)
98       work.XCVR_DUAL_PCS.verilog may have changed because the following files changed:
                        C:\Daten\ERES-PROJECT\source_code\MPFS_DiscoKit_Lab6\PF_SOC\component\syn_comps.v (2026-06-21 11:32:47, 2026-06-23 16:57:28) <-- (module definition)
                        C:\Daten\ERES-PROJECT\source_code\MPFS_DiscoKit_Lab6\PF_SOC\component\work\Top\Top.vhd (2026-06-21 11:31:28, 2026-06-23 16:57:09) <-- (may instantiate this module)
99       work.XCVR_PIPE.verilog may have changed because the following files changed:
                        C:\Daten\ERES-PROJECT\source_code\MPFS_DiscoKit_Lab6\PF_SOC\component\syn_comps.v (2026-06-21 11:32:47, 2026-06-23 16:57:28) <-- (module definition)
                        C:\Daten\ERES-PROJECT\source_code\MPFS_DiscoKit_Lab6\PF_SOC\component\work\Top\Top.vhd (2026-06-21 11:31:28, 2026-06-23 16:57:09) <-- (may instantiate this module)
100      work.XCVR_PIPE_AXI0.verilog may have changed because the following files changed:
                        C:\Daten\ERES-PROJECT\source_code\MPFS_DiscoKit_Lab6\PF_SOC\component\syn_comps.v (2026-06-21 11:32:47, 2026-06-23 16:57:28) <-- (module definition)
                        C:\Daten\ERES-PROJECT\source_code\MPFS_DiscoKit_Lab6\PF_SOC\component\work\Top\Top.vhd (2026-06-21 11:31:28, 2026-06-23 16:57:09) <-- (may instantiate this module)
101      work.XCVR_PIPE_AXI1.verilog may have changed because the following files changed:
                        C:\Daten\ERES-PROJECT\source_code\MPFS_DiscoKit_Lab6\PF_SOC\component\syn_comps.v (2026-06-21 11:32:47, 2026-06-23 16:57:28) <-- (module definition)
                        C:\Daten\ERES-PROJECT\source_code\MPFS_DiscoKit_Lab6\PF_SOC\component\work\Top\Top.vhd (2026-06-21 11:31:28, 2026-06-23 16:57:09) <-- (may instantiate this module)
102      work.XCVR_PMA.verilog may have changed because the following files changed:
                        C:\Daten\ERES-PROJECT\source_code\MPFS_DiscoKit_Lab6\PF_SOC\component\syn_comps.v (2026-06-21 11:32:47, 2026-06-23 16:57:28) <-- (module definition)
                        C:\Daten\ERES-PROJECT\source_code\MPFS_DiscoKit_Lab6\PF_SOC\component\work\Top\Top.vhd (2026-06-21 11:31:28, 2026-06-23 16:57:09) <-- (may instantiate this module)
103      work.XCVR_REF_CLK.verilog may have changed because the following files changed:
                        C:\Daten\ERES-PROJECT\source_code\MPFS_DiscoKit_Lab6\PF_SOC\component\syn_comps.v (2026-06-21 11:32:47, 2026-06-23 16:57:28) <-- (module definition)
                        C:\Daten\ERES-PROJECT\source_code\MPFS_DiscoKit_Lab6\PF_SOC\component\work\Top\Top.vhd (2026-06-21 11:31:28, 2026-06-23 16:57:09) <-- (may instantiate this module)
104      work.XCVR_REF_CLK_N.verilog may have changed because the following files changed:
                        C:\Daten\ERES-PROJECT\source_code\MPFS_DiscoKit_Lab6\PF_SOC\component\syn_comps.v (2026-06-21 11:32:47, 2026-06-23 16:57:28) <-- (module definition)
                        C:\Daten\ERES-PROJECT\source_code\MPFS_DiscoKit_Lab6\PF_SOC\component\work\Top\Top.vhd (2026-06-21 11:31:28, 2026-06-23 16:57:09) <-- (may instantiate this module)
105      work.XCVR_REF_CLK_P.verilog may have changed because the following files changed:
                        C:\Daten\ERES-PROJECT\source_code\MPFS_DiscoKit_Lab6\PF_SOC\component\syn_comps.v (2026-06-21 11:32:47, 2026-06-23 16:57:28) <-- (module definition)
                        C:\Daten\ERES-PROJECT\source_code\MPFS_DiscoKit_Lab6\PF_SOC\component\work\Top\Top.vhd (2026-06-21 11:31:28, 2026-06-23 16:57:09) <-- (may instantiate this module)
106      work.XCVR_TEST.verilog may have changed because the following files changed:
                        C:\Daten\ERES-PROJECT\source_code\MPFS_DiscoKit_Lab6\PF_SOC\component\syn_comps.v (2026-06-21 11:32:47, 2026-06-23 16:57:28) <-- (module definition)
                        C:\Daten\ERES-PROJECT\source_code\MPFS_DiscoKit_Lab6\PF_SOC\component\work\Top\Top.vhd (2026-06-21 11:31:28, 2026-06-23 16:57:09) <-- (may instantiate this module)
107      work.XCVR_VV.verilog may have changed because the following files changed:
                        C:\Daten\ERES-PROJECT\source_code\MPFS_DiscoKit_Lab6\PF_SOC\component\syn_comps.v (2026-06-21 11:32:47, 2026-06-23 16:57:28) <-- (module definition)
                        C:\Daten\ERES-PROJECT\source_code\MPFS_DiscoKit_Lab6\PF_SOC\component\work\Top\Top.vhd (2026-06-21 11:31:28, 2026-06-23 16:57:09) <-- (may instantiate this module)
108      work.caxi4interconnect_AHB_SM_Undefburst.verilog may have changed because the following files changed:
                        C:\Daten\ERES-PROJECT\source_code\MPFS_DiscoKit_Lab6\PF_SOC\component\work\Top\Top.vhd (2026-06-21 11:31:28, 2026-06-23 16:57:09) <-- (may instantiate this module)
109      work.caxi4interconnect_AddressController.verilog may have changed because the following files changed:
                        C:\Daten\ERES-PROJECT\source_code\MPFS_DiscoKit_Lab6\PF_SOC\component\work\Top\Top.vhd (2026-06-21 11:31:28, 2026-06-23 16:57:09) <-- (may instantiate this module)
110      work.caxi4interconnect_Axi4CrossBar.verilog may have changed because the following files changed:
                        C:\Daten\ERES-PROJECT\source_code\MPFS_DiscoKit_Lab6\PF_SOC\component\work\Top\Top.vhd (2026-06-21 11:31:28, 2026-06-23 16:57:09) <-- (may instantiate this module)
111      work.caxi4interconnect_Bin2Gray.verilog may have changed because the following files changed:
                        C:\Daten\ERES-PROJECT\source_code\MPFS_DiscoKit_Lab6\PF_SOC\component\work\Top\Top.vhd (2026-06-21 11:31:28, 2026-06-23 16:57:09) <-- (may instantiate this module)
112      work.caxi4interconnect_BitScan0.verilog may have changed because the following files changed:
                        C:\Daten\ERES-PROJECT\source_code\MPFS_DiscoKit_Lab6\PF_SOC\component\work\Top\Top.vhd (2026-06-21 11:31:28, 2026-06-23 16:57:09) <-- (may instantiate this module)
113      work.caxi4interconnect_CDC_FIFO.verilog may have changed because the following files changed:
                        C:\Daten\ERES-PROJECT\source_code\MPFS_DiscoKit_Lab6\PF_SOC\component\work\Top\Top.vhd (2026-06-21 11:31:28, 2026-06-23 16:57:09) <-- (may instantiate this module)
114      work.caxi4interconnect_CDC_grayCodeCounter.verilog may have changed because the following files changed:
                        C:\Daten\ERES-PROJECT\source_code\MPFS_DiscoKit_Lab6\PF_SOC\component\work\Top\Top.vhd (2026-06-21 11:31:28, 2026-06-23 16:57:09) <-- (may instantiate this module)
115      work.caxi4interconnect_CDC_rdCtrl.verilog may have changed because the following files changed:
                        C:\Daten\ERES-PROJECT\source_code\MPFS_DiscoKit_Lab6\PF_SOC\component\work\Top\Top.vhd (2026-06-21 11:31:28, 2026-06-23 16:57:09) <-- (may instantiate this module)
116      work.caxi4interconnect_CDC_wrCtrl.verilog may have changed because the following files changed:
                        C:\Daten\ERES-PROJECT\source_code\MPFS_DiscoKit_Lab6\PF_SOC\component\work\Top\Top.vhd (2026-06-21 11:31:28, 2026-06-23 16:57:09) <-- (may instantiate this module)
117      work.caxi4interconnect_DERR_Slave.verilog may have changed because the following files changed:
                        C:\Daten\ERES-PROJECT\source_code\MPFS_DiscoKit_Lab6\PF_SOC\component\work\Top\Top.vhd (2026-06-21 11:31:28, 2026-06-23 16:57:09) <-- (may instantiate this module)
118      work.caxi4interconnect_DWC_DownConv_CmdFifoWriteCtrl.verilog may have changed because the following files changed:
                        C:\Daten\ERES-PROJECT\source_code\MPFS_DiscoKit_Lab6\PF_SOC\component\work\Top\Top.vhd (2026-06-21 11:31:28, 2026-06-23 16:57:09) <-- (may instantiate this module)
119      work.caxi4interconnect_DWC_DownConv_Hold_Reg_Rd.verilog may have changed because the following files changed:
                        C:\Daten\ERES-PROJECT\source_code\MPFS_DiscoKit_Lab6\PF_SOC\component\work\Top\Top.vhd (2026-06-21 11:31:28, 2026-06-23 16:57:09) <-- (may instantiate this module)
120      work.caxi4interconnect_DWC_DownConv_Hold_Reg_Wr.verilog may have changed because the following files changed:
                        C:\Daten\ERES-PROJECT\source_code\MPFS_DiscoKit_Lab6\PF_SOC\component\work\Top\Top.vhd (2026-06-21 11:31:28, 2026-06-23 16:57:09) <-- (may instantiate this module)
121      work.caxi4interconnect_DWC_DownConv_preCalcCmdFifoWrCtrl.verilog may have changed because the following files changed:
                        C:\Daten\ERES-PROJECT\source_code\MPFS_DiscoKit_Lab6\PF_SOC\component\work\Top\Top.vhd (2026-06-21 11:31:28, 2026-06-23 16:57:09) <-- (may instantiate this module)
122      work.caxi4interconnect_DWC_DownConv_readWidthConv.verilog may have changed because the following files changed:
                        C:\Daten\ERES-PROJECT\source_code\MPFS_DiscoKit_Lab6\PF_SOC\component\work\Top\Top.vhd (2026-06-21 11:31:28, 2026-06-23 16:57:09) <-- (may instantiate this module)
123      work.caxi4interconnect_DWC_DownConv_widthConvrd.verilog may have changed because the following files changed:
                        C:\Daten\ERES-PROJECT\source_code\MPFS_DiscoKit_Lab6\PF_SOC\component\work\Top\Top.vhd (2026-06-21 11:31:28, 2026-06-23 16:57:09) <-- (may instantiate this module)
124      work.caxi4interconnect_DWC_DownConv_widthConvwr.verilog may have changed because the following files changed:
                        C:\Daten\ERES-PROJECT\source_code\MPFS_DiscoKit_Lab6\PF_SOC\component\work\Top\Top.vhd (2026-06-21 11:31:28, 2026-06-23 16:57:09) <-- (may instantiate this module)
125      work.caxi4interconnect_DWC_DownConv_writeWidthConv.verilog may have changed because the following files changed:
                        C:\Daten\ERES-PROJECT\source_code\MPFS_DiscoKit_Lab6\PF_SOC\component\work\Top\Top.vhd (2026-06-21 11:31:28, 2026-06-23 16:57:09) <-- (may instantiate this module)
126      work.caxi4interconnect_DWC_RChannel_SlvRid_Arb.verilog may have changed because the following files changed:
                        C:\Daten\ERES-PROJECT\source_code\MPFS_DiscoKit_Lab6\PF_SOC\component\work\Top\Top.vhd (2026-06-21 11:31:28, 2026-06-23 16:57:09) <-- (may instantiate this module)
127      work.caxi4interconnect_DWC_UpConv_AChannel.verilog may have changed because the following files changed:
                        C:\Daten\ERES-PROJECT\source_code\MPFS_DiscoKit_Lab6\PF_SOC\component\work\Top\Top.vhd (2026-06-21 11:31:28, 2026-06-23 16:57:09) <-- (may instantiate this module)
128      work.caxi4interconnect_DWC_UpConv_BChannel.verilog may have changed because the following files changed:
                        C:\Daten\ERES-PROJECT\source_code\MPFS_DiscoKit_Lab6\PF_SOC\component\work\Top\Top.vhd (2026-06-21 11:31:28, 2026-06-23 16:57:09) <-- (may instantiate this module)
129      work.caxi4interconnect_DWC_UpConv_RChan_Ctrl.verilog may have changed because the following files changed:
                        C:\Daten\ERES-PROJECT\source_code\MPFS_DiscoKit_Lab6\PF_SOC\component\work\Top\Top.vhd (2026-06-21 11:31:28, 2026-06-23 16:57:09) <-- (may instantiate this module)
130      work.caxi4interconnect_DWC_UpConv_RChannel.verilog may have changed because the following files changed:
                        C:\Daten\ERES-PROJECT\source_code\MPFS_DiscoKit_Lab6\PF_SOC\component\work\Top\Top.vhd (2026-06-21 11:31:28, 2026-06-23 16:57:09) <-- (may instantiate this module)
131      work.caxi4interconnect_DWC_UpConv_WChan_Hold_Reg.verilog may have changed because the following files changed:
                        C:\Daten\ERES-PROJECT\source_code\MPFS_DiscoKit_Lab6\PF_SOC\component\work\Top\Top.vhd (2026-06-21 11:31:28, 2026-06-23 16:57:09) <-- (may instantiate this module)
132      work.caxi4interconnect_DWC_UpConv_WChan_ReadDataFifoCtrl.verilog may have changed because the following files changed:
                        C:\Daten\ERES-PROJECT\source_code\MPFS_DiscoKit_Lab6\PF_SOC\component\work\Top\Top.vhd (2026-06-21 11:31:28, 2026-06-23 16:57:09) <-- (may instantiate this module)
133      work.caxi4interconnect_DWC_UpConv_WChannel.verilog may have changed because the following files changed:
                        C:\Daten\ERES-PROJECT\source_code\MPFS_DiscoKit_Lab6\PF_SOC\component\work\Top\Top.vhd (2026-06-21 11:31:28, 2026-06-23 16:57:09) <-- (may instantiate this module)
134      work.caxi4interconnect_DWC_UpConv_Wchan_WriteDataFifoCtrl.verilog may have changed because the following files changed:
                        C:\Daten\ERES-PROJECT\source_code\MPFS_DiscoKit_Lab6\PF_SOC\component\work\Top\Top.vhd (2026-06-21 11:31:28, 2026-06-23 16:57:09) <-- (may instantiate this module)
135      work.caxi4interconnect_DWC_UpConv_preCalcAChannel.verilog may have changed because the following files changed:
                        C:\Daten\ERES-PROJECT\source_code\MPFS_DiscoKit_Lab6\PF_SOC\component\work\Top\Top.vhd (2026-06-21 11:31:28, 2026-06-23 16:57:09) <-- (may instantiate this module)
136      work.caxi4interconnect_DWC_UpConv_preCalcRChan_Ctrl.verilog may have changed because the following files changed:
                        C:\Daten\ERES-PROJECT\source_code\MPFS_DiscoKit_Lab6\PF_SOC\component\work\Top\Top.vhd (2026-06-21 11:31:28, 2026-06-23 16:57:09) <-- (may instantiate this module)
137      work.caxi4interconnect_DWC_brespCtrl.verilog may have changed because the following files changed:
                        C:\Daten\ERES-PROJECT\source_code\MPFS_DiscoKit_Lab6\PF_SOC\component\work\Top\Top.vhd (2026-06-21 11:31:28, 2026-06-23 16:57:09) <-- (may instantiate this module)
138      work.caxi4interconnect_DependenceChecker.verilog may have changed because the following files changed:
                        C:\Daten\ERES-PROJECT\source_code\MPFS_DiscoKit_Lab6\PF_SOC\component\work\Top\Top.vhd (2026-06-21 11:31:28, 2026-06-23 16:57:09) <-- (may instantiate this module)
139      work.caxi4interconnect_DownConverter.verilog may have changed because the following files changed:
                        C:\Daten\ERES-PROJECT\source_code\MPFS_DiscoKit_Lab6\PF_SOC\component\work\Top\Top.vhd (2026-06-21 11:31:28, 2026-06-23 16:57:09) <-- (may instantiate this module)
140      work.caxi4interconnect_DualPort_FF_SyncWr_SyncRd.verilog may have changed because the following files changed:
                        C:\Daten\ERES-PROJECT\source_code\MPFS_DiscoKit_Lab6\PF_SOC\component\work\Top\Top.vhd (2026-06-21 11:31:28, 2026-06-23 16:57:09) <-- (may instantiate this module)
141      work.caxi4interconnect_DualPort_RAM_SyncWr_SyncRd.verilog may have changed because the following files changed:
                        C:\Daten\ERES-PROJECT\source_code\MPFS_DiscoKit_Lab6\PF_SOC\component\work\Top\Top.vhd (2026-06-21 11:31:28, 2026-06-23 16:57:09) <-- (may instantiate this module)
142      work.caxi4interconnect_FIFO.verilog may have changed because the following files changed:
                        C:\Daten\ERES-PROJECT\source_code\MPFS_DiscoKit_Lab6\PF_SOC\component\work\Top\Top.vhd (2026-06-21 11:31:28, 2026-06-23 16:57:09) <-- (may instantiate this module)
143      work.caxi4interconnect_FIFO_CTRL.verilog may have changed because the following files changed:
                        C:\Daten\ERES-PROJECT\source_code\MPFS_DiscoKit_Lab6\PF_SOC\component\work\Top\Top.vhd (2026-06-21 11:31:28, 2026-06-23 16:57:09) <-- (may instantiate this module)
144      work.caxi4interconnect_FIFO_downsizing.verilog may have changed because the following files changed:
                        C:\Daten\ERES-PROJECT\source_code\MPFS_DiscoKit_Lab6\PF_SOC\component\work\Top\Top.vhd (2026-06-21 11:31:28, 2026-06-23 16:57:09) <-- (may instantiate this module)
145      work.caxi4interconnect_FIFO_upsizing.verilog may have changed because the following files changed:
                        C:\Daten\ERES-PROJECT\source_code\MPFS_DiscoKit_Lab6\PF_SOC\component\work\Top\Top.vhd (2026-06-21 11:31:28, 2026-06-23 16:57:09) <-- (may instantiate this module)
146      work.caxi4interconnect_FifoDualPort.verilog may have changed because the following files changed:
                        C:\Daten\ERES-PROJECT\source_code\MPFS_DiscoKit_Lab6\PF_SOC\component\work\Top\Top.vhd (2026-06-21 11:31:28, 2026-06-23 16:57:09) <-- (may instantiate this module)
147      work.caxi4interconnect_Hold_Reg_Ctrl.verilog may have changed because the following files changed:
                        C:\Daten\ERES-PROJECT\source_code\MPFS_DiscoKit_Lab6\PF_SOC\component\work\Top\Top.vhd (2026-06-21 11:31:28, 2026-06-23 16:57:09) <-- (may instantiate this module)
148      work.caxi4interconnect_MasterAddressDecoder.verilog may have changed because the following files changed:
                        C:\Daten\ERES-PROJECT\source_code\MPFS_DiscoKit_Lab6\PF_SOC\component\work\Top\Top.vhd (2026-06-21 11:31:28, 2026-06-23 16:57:09) <-- (may instantiate this module)
149      work.caxi4interconnect_MasterControl.verilog may have changed because the following files changed:
                        C:\Daten\ERES-PROJECT\source_code\MPFS_DiscoKit_Lab6\PF_SOC\component\work\Top\Top.vhd (2026-06-21 11:31:28, 2026-06-23 16:57:09) <-- (may instantiate this module)
150      work.caxi4interconnect_MasterConvertor.verilog may have changed because the following files changed:
                        C:\Daten\ERES-PROJECT\source_code\MPFS_DiscoKit_Lab6\PF_SOC\component\work\Top\Top.vhd (2026-06-21 11:31:28, 2026-06-23 16:57:09) <-- (may instantiate this module)
151      work.caxi4interconnect_MstrAHBtoAXI4Converter.verilog may have changed because the following files changed:
                        C:\Daten\ERES-PROJECT\source_code\MPFS_DiscoKit_Lab6\PF_SOC\component\work\Top\Top.vhd (2026-06-21 11:31:28, 2026-06-23 16:57:09) <-- (may instantiate this module)
152      work.caxi4interconnect_MstrClockDomainCrossing.verilog may have changed because the following files changed:
                        C:\Daten\ERES-PROJECT\source_code\MPFS_DiscoKit_Lab6\PF_SOC\component\work\Top\Top.vhd (2026-06-21 11:31:28, 2026-06-23 16:57:09) <-- (may instantiate this module)
153      work.caxi4interconnect_MstrDataWidthConv.verilog may have changed because the following files changed:
                        C:\Daten\ERES-PROJECT\source_code\MPFS_DiscoKit_Lab6\PF_SOC\component\work\Top\Top.vhd (2026-06-21 11:31:28, 2026-06-23 16:57:09) <-- (may instantiate this module)
154      work.caxi4interconnect_MstrProtocolConverter.verilog may have changed because the following files changed:
                        C:\Daten\ERES-PROJECT\source_code\MPFS_DiscoKit_Lab6\PF_SOC\component\work\Top\Top.vhd (2026-06-21 11:31:28, 2026-06-23 16:57:09) <-- (may instantiate this module)
155      work.caxi4interconnect_RAM_BLOCK.verilog may have changed because the following files changed:
                        C:\Daten\ERES-PROJECT\source_code\MPFS_DiscoKit_Lab6\PF_SOC\component\work\Top\Top.vhd (2026-06-21 11:31:28, 2026-06-23 16:57:09) <-- (may instantiate this module)
156      work.caxi4interconnect_RDataController.verilog may have changed because the following files changed:
                        C:\Daten\ERES-PROJECT\source_code\MPFS_DiscoKit_Lab6\PF_SOC\component\work\Top\Top.vhd (2026-06-21 11:31:28, 2026-06-23 16:57:09) <-- (may instantiate this module)
157      work.caxi4interconnect_RdFifoDualPort.verilog may have changed because the following files changed:
                        C:\Daten\ERES-PROJECT\source_code\MPFS_DiscoKit_Lab6\PF_SOC\component\work\Top\Top.vhd (2026-06-21 11:31:28, 2026-06-23 16:57:09) <-- (may instantiate this module)
158      work.caxi4interconnect_ReadDataController.verilog may have changed because the following files changed:
                        C:\Daten\ERES-PROJECT\source_code\MPFS_DiscoKit_Lab6\PF_SOC\component\work\Top\Top.vhd (2026-06-21 11:31:28, 2026-06-23 16:57:09) <-- (may instantiate this module)
159      work.caxi4interconnect_ReadDataMux.verilog may have changed because the following files changed:
                        C:\Daten\ERES-PROJECT\source_code\MPFS_DiscoKit_Lab6\PF_SOC\component\work\Top\Top.vhd (2026-06-21 11:31:28, 2026-06-23 16:57:09) <-- (may instantiate this module)
160      work.caxi4interconnect_RegSliceFull.verilog may have changed because the following files changed:
                        C:\Daten\ERES-PROJECT\source_code\MPFS_DiscoKit_Lab6\PF_SOC\component\work\Top\Top.vhd (2026-06-21 11:31:28, 2026-06-23 16:57:09) <-- (may instantiate this module)
161      work.caxi4interconnect_RegisterSlice.verilog may have changed because the following files changed:
                        C:\Daten\ERES-PROJECT\source_code\MPFS_DiscoKit_Lab6\PF_SOC\component\work\Top\Top.vhd (2026-06-21 11:31:28, 2026-06-23 16:57:09) <-- (may instantiate this module)
162      work.caxi4interconnect_RequestQual.verilog may have changed because the following files changed:
                        C:\Daten\ERES-PROJECT\source_code\MPFS_DiscoKit_Lab6\PF_SOC\component\work\Top\Top.vhd (2026-06-21 11:31:28, 2026-06-23 16:57:09) <-- (may instantiate this module)
163      work.caxi4interconnect_ResetSycnc.verilog may have changed because the following files changed:
                        C:\Daten\ERES-PROJECT\source_code\MPFS_DiscoKit_Lab6\PF_SOC\component\work\Top\Top.vhd (2026-06-21 11:31:28, 2026-06-23 16:57:09) <-- (may instantiate this module)
164      work.caxi4interconnect_RespController.verilog may have changed because the following files changed:
                        C:\Daten\ERES-PROJECT\source_code\MPFS_DiscoKit_Lab6\PF_SOC\component\work\Top\Top.vhd (2026-06-21 11:31:28, 2026-06-23 16:57:09) <-- (may instantiate this module)
165      work.caxi4interconnect_RoundRobinArb.verilog may have changed because the following files changed:
                        C:\Daten\ERES-PROJECT\source_code\MPFS_DiscoKit_Lab6\PF_SOC\component\work\Top\Top.vhd (2026-06-21 11:31:28, 2026-06-23 16:57:09) <-- (may instantiate this module)
166      work.caxi4interconnect_SlaveConvertor.verilog may have changed because the following files changed:
                        C:\Daten\ERES-PROJECT\source_code\MPFS_DiscoKit_Lab6\PF_SOC\component\work\Top\Top.vhd (2026-06-21 11:31:28, 2026-06-23 16:57:09) <-- (may instantiate this module)
167      work.caxi4interconnect_SlaveDataMuxController.verilog may have changed because the following files changed:
                        C:\Daten\ERES-PROJECT\source_code\MPFS_DiscoKit_Lab6\PF_SOC\component\work\Top\Top.vhd (2026-06-21 11:31:28, 2026-06-23 16:57:09) <-- (may instantiate this module)
168      work.caxi4interconnect_SlvAxi4ProtConvAXI4ID.verilog may have changed because the following files changed:
                        C:\Daten\ERES-PROJECT\source_code\MPFS_DiscoKit_Lab6\PF_SOC\component\work\Top\Top.vhd (2026-06-21 11:31:28, 2026-06-23 16:57:09) <-- (may instantiate this module)
169      work.caxi4interconnect_SlvAxi4ProtConvRead.verilog may have changed because the following files changed:
                        C:\Daten\ERES-PROJECT\source_code\MPFS_DiscoKit_Lab6\PF_SOC\component\work\Top\Top.vhd (2026-06-21 11:31:28, 2026-06-23 16:57:09) <-- (may instantiate this module)
170      work.caxi4interconnect_SlvAxi4ProtConvWrite.verilog may have changed because the following files changed:
                        C:\Daten\ERES-PROJECT\source_code\MPFS_DiscoKit_Lab6\PF_SOC\component\work\Top\Top.vhd (2026-06-21 11:31:28, 2026-06-23 16:57:09) <-- (may instantiate this module)
171      work.caxi4interconnect_SlvAxi4ProtocolConv.verilog may have changed because the following files changed:
                        C:\Daten\ERES-PROJECT\source_code\MPFS_DiscoKit_Lab6\PF_SOC\component\work\Top\Top.vhd (2026-06-21 11:31:28, 2026-06-23 16:57:09) <-- (may instantiate this module)
172      work.caxi4interconnect_SlvClockDomainCrossing.verilog may have changed because the following files changed:
                        C:\Daten\ERES-PROJECT\source_code\MPFS_DiscoKit_Lab6\PF_SOC\component\work\Top\Top.vhd (2026-06-21 11:31:28, 2026-06-23 16:57:09) <-- (may instantiate this module)
173      work.caxi4interconnect_SlvDataWidthConverter.verilog may have changed because the following files changed:
                        C:\Daten\ERES-PROJECT\source_code\MPFS_DiscoKit_Lab6\PF_SOC\component\work\Top\Top.vhd (2026-06-21 11:31:28, 2026-06-23 16:57:09) <-- (may instantiate this module)
174      work.caxi4interconnect_SlvProtocolConverter.verilog may have changed because the following files changed:
                        C:\Daten\ERES-PROJECT\source_code\MPFS_DiscoKit_Lab6\PF_SOC\component\work\Top\Top.vhd (2026-06-21 11:31:28, 2026-06-23 16:57:09) <-- (may instantiate this module)
175      work.caxi4interconnect_TargetMuxController.verilog may have changed because the following files changed:
                        C:\Daten\ERES-PROJECT\source_code\MPFS_DiscoKit_Lab6\PF_SOC\component\work\Top\Top.vhd (2026-06-21 11:31:28, 2026-06-23 16:57:09) <-- (may instantiate this module)
176      work.caxi4interconnect_TransactionController.verilog may have changed because the following files changed:
                        C:\Daten\ERES-PROJECT\source_code\MPFS_DiscoKit_Lab6\PF_SOC\component\work\Top\Top.vhd (2026-06-21 11:31:28, 2026-06-23 16:57:09) <-- (may instantiate this module)
177      work.caxi4interconnect_UpConverter.verilog may have changed because the following files changed:
                        C:\Daten\ERES-PROJECT\source_code\MPFS_DiscoKit_Lab6\PF_SOC\component\work\Top\Top.vhd (2026-06-21 11:31:28, 2026-06-23 16:57:09) <-- (may instantiate this module)
178      work.caxi4interconnect_WDataController.verilog may have changed because the following files changed:
                        C:\Daten\ERES-PROJECT\source_code\MPFS_DiscoKit_Lab6\PF_SOC\component\work\Top\Top.vhd (2026-06-21 11:31:28, 2026-06-23 16:57:09) <-- (may instantiate this module)
179      work.caxi4interconnect_WriteDataMux.verilog may have changed because the following files changed:
                        C:\Daten\ERES-PROJECT\source_code\MPFS_DiscoKit_Lab6\PF_SOC\component\work\Top\Top.vhd (2026-06-21 11:31:28, 2026-06-23 16:57:09) <-- (may instantiate this module)
180      work.caxi4interconnect_byte2bit.verilog may have changed because the following files changed:
                        C:\Daten\ERES-PROJECT\source_code\MPFS_DiscoKit_Lab6\PF_SOC\component\work\Top\Top.vhd (2026-06-21 11:31:28, 2026-06-23 16:57:09) <-- (may instantiate this module)
181      work.caxi4interconnect_revision.verilog may have changed because the following files changed:
                        C:\Daten\ERES-PROJECT\source_code\MPFS_DiscoKit_Lab6\PF_SOC\component\work\Top\Top.vhd (2026-06-21 11:31:28, 2026-06-23 16:57:09) <-- (may instantiate this module)
182      work.coreapb3_c0.rtl may have changed because the following files changed:
                        C:\Daten\ERES-PROJECT\source_code\MPFS_DiscoKit_Lab6\PF_SOC\component\work\Top\Top.vhd (2026-06-21 11:31:28, 2026-06-23 16:57:09) <-- (may instantiate this module)
190      work.coregpio_c0.rtl may have changed because the following files changed:
                        C:\Daten\ERES-PROJECT\source_code\MPFS_DiscoKit_Lab6\PF_SOC\component\work\Top\Top.vhd (2026-06-21 11:31:28, 2026-06-23 16:57:09) <-- (may instantiate this module)
194      work.spi_master_for_mcp3204.rtl may have changed because the following files changed:
                        C:\Daten\ERES-PROJECT\source_code\MPFS_DiscoKit_Lab6\PF_SOC\component\work\Top\Top.vhd (2026-06-21 11:31:28, 2026-06-23 16:57:09) <-- (may instantiate this module)
                        C:\Daten\ERES-PROJECT\source_code\MPFS_DiscoKit_Lab6\PF_SOC\hdl\SPI_Master_for_MCP3204.vhd (2026-06-21 11:30:30, 2026-06-23 16:57:04) <-- (architecture and entity definition)
186      work.top.rtl may have changed because the following files changed:
                        C:\Daten\ERES-PROJECT\source_code\MPFS_DiscoKit_Lab6\PF_SOC\component\work\Top\Top.vhd (2026-06-21 11:31:28, 2026-06-23 16:57:09) <-- (architecture and entity definition)

*******************************************************************
Unmodified files: 111
FID:  path (timestamp)
124      C:\Daten\ERES-PROJECT\source_code\MPFS_DiscoKit_Lab6\PF_SOC\component\Actel\DirectCore\COREAXI4INTERCONNECT\2.9.100\rtl\vlog\core\Axi4Convertors\AHB_SM_Undefburst.v (2026-06-15 17:26:23)
125      C:\Daten\ERES-PROJECT\source_code\MPFS_DiscoKit_Lab6\PF_SOC\component\Actel\DirectCore\COREAXI4INTERCONNECT\2.9.100\rtl\vlog\core\Axi4Convertors\Bin2Gray.v (2026-06-15 17:26:23)
126      C:\Daten\ERES-PROJECT\source_code\MPFS_DiscoKit_Lab6\PF_SOC\component\Actel\DirectCore\COREAXI4INTERCONNECT\2.9.100\rtl\vlog\core\Axi4Convertors\CDC_FIFO.v (2026-06-15 17:26:23)
127      C:\Daten\ERES-PROJECT\source_code\MPFS_DiscoKit_Lab6\PF_SOC\component\Actel\DirectCore\COREAXI4INTERCONNECT\2.9.100\rtl\vlog\core\Axi4Convertors\CDC_grayCodeCounter.v (2026-06-15 17:26:23)
128      C:\Daten\ERES-PROJECT\source_code\MPFS_DiscoKit_Lab6\PF_SOC\component\Actel\DirectCore\COREAXI4INTERCONNECT\2.9.100\rtl\vlog\core\Axi4Convertors\CDC_rdCtrl.v (2026-06-15 17:26:23)
129      C:\Daten\ERES-PROJECT\source_code\MPFS_DiscoKit_Lab6\PF_SOC\component\Actel\DirectCore\COREAXI4INTERCONNECT\2.9.100\rtl\vlog\core\Axi4Convertors\CDC_wrCtrl.v (2026-06-15 17:26:23)
130      C:\Daten\ERES-PROJECT\source_code\MPFS_DiscoKit_Lab6\PF_SOC\component\Actel\DirectCore\COREAXI4INTERCONNECT\2.9.100\rtl\vlog\core\Axi4Convertors\DWC_DownConv_CmdFifoWriteCtrl.v (2026-06-15 17:26:23)
131      C:\Daten\ERES-PROJECT\source_code\MPFS_DiscoKit_Lab6\PF_SOC\component\Actel\DirectCore\COREAXI4INTERCONNECT\2.9.100\rtl\vlog\core\Axi4Convertors\DWC_DownConv_Hold_Reg_Rd.v (2026-06-15 17:26:23)
132      C:\Daten\ERES-PROJECT\source_code\MPFS_DiscoKit_Lab6\PF_SOC\component\Actel\DirectCore\COREAXI4INTERCONNECT\2.9.100\rtl\vlog\core\Axi4Convertors\DWC_DownConv_Hold_Reg_Wr.v (2026-06-15 17:26:23)
133      C:\Daten\ERES-PROJECT\source_code\MPFS_DiscoKit_Lab6\PF_SOC\component\Actel\DirectCore\COREAXI4INTERCONNECT\2.9.100\rtl\vlog\core\Axi4Convertors\DWC_DownConv_preCalcCmdFifoWrCtrl.v (2026-06-15 17:26:23)
134      C:\Daten\ERES-PROJECT\source_code\MPFS_DiscoKit_Lab6\PF_SOC\component\Actel\DirectCore\COREAXI4INTERCONNECT\2.9.100\rtl\vlog\core\Axi4Convertors\DWC_DownConv_readWidthConv.v (2026-06-15 17:26:23)
135      C:\Daten\ERES-PROJECT\source_code\MPFS_DiscoKit_Lab6\PF_SOC\component\Actel\DirectCore\COREAXI4INTERCONNECT\2.9.100\rtl\vlog\core\Axi4Convertors\DWC_DownConv_widthConvrd.v (2026-06-15 17:26:23)
136      C:\Daten\ERES-PROJECT\source_code\MPFS_DiscoKit_Lab6\PF_SOC\component\Actel\DirectCore\COREAXI4INTERCONNECT\2.9.100\rtl\vlog\core\Axi4Convertors\DWC_DownConv_widthConvwr.v (2026-06-15 17:26:23)
137      C:\Daten\ERES-PROJECT\source_code\MPFS_DiscoKit_Lab6\PF_SOC\component\Actel\DirectCore\COREAXI4INTERCONNECT\2.9.100\rtl\vlog\core\Axi4Convertors\DWC_DownConv_writeWidthConv.v (2026-06-15 17:26:23)
138      C:\Daten\ERES-PROJECT\source_code\MPFS_DiscoKit_Lab6\PF_SOC\component\Actel\DirectCore\COREAXI4INTERCONNECT\2.9.100\rtl\vlog\core\Axi4Convertors\DWC_UpConv_AChannel.v (2026-06-15 17:26:23)
139      C:\Daten\ERES-PROJECT\source_code\MPFS_DiscoKit_Lab6\PF_SOC\component\Actel\DirectCore\COREAXI4INTERCONNECT\2.9.100\rtl\vlog\core\Axi4Convertors\DWC_UpConv_BChannel.v (2026-06-15 17:26:23)
140      C:\Daten\ERES-PROJECT\source_code\MPFS_DiscoKit_Lab6\PF_SOC\component\Actel\DirectCore\COREAXI4INTERCONNECT\2.9.100\rtl\vlog\core\Axi4Convertors\DWC_UpConv_RChan_Ctrl.v (2026-06-15 17:26:23)
141      C:\Daten\ERES-PROJECT\source_code\MPFS_DiscoKit_Lab6\PF_SOC\component\Actel\DirectCore\COREAXI4INTERCONNECT\2.9.100\rtl\vlog\core\Axi4Convertors\DWC_UpConv_RChannel.v (2026-06-15 17:26:23)
142      C:\Daten\ERES-PROJECT\source_code\MPFS_DiscoKit_Lab6\PF_SOC\component\Actel\DirectCore\COREAXI4INTERCONNECT\2.9.100\rtl\vlog\core\Axi4Convertors\DWC_UpConv_RChannel_SlvRid_Arb.v (2026-06-15 17:26:23)
143      C:\Daten\ERES-PROJECT\source_code\MPFS_DiscoKit_Lab6\PF_SOC\component\Actel\DirectCore\COREAXI4INTERCONNECT\2.9.100\rtl\vlog\core\Axi4Convertors\DWC_UpConv_WChan_Hold_Reg.v (2026-06-15 17:26:23)
144      C:\Daten\ERES-PROJECT\source_code\MPFS_DiscoKit_Lab6\PF_SOC\component\Actel\DirectCore\COREAXI4INTERCONNECT\2.9.100\rtl\vlog\core\Axi4Convertors\DWC_UpConv_WChan_ReadDataFifoCtrl.v (2026-06-15 17:26:23)
145      C:\Daten\ERES-PROJECT\source_code\MPFS_DiscoKit_Lab6\PF_SOC\component\Actel\DirectCore\COREAXI4INTERCONNECT\2.9.100\rtl\vlog\core\Axi4Convertors\DWC_UpConv_WChannel.v (2026-06-15 17:26:23)
146      C:\Daten\ERES-PROJECT\source_code\MPFS_DiscoKit_Lab6\PF_SOC\component\Actel\DirectCore\COREAXI4INTERCONNECT\2.9.100\rtl\vlog\core\Axi4Convertors\DWC_UpConv_Wchan_WriteDataFifoCtrl.v (2026-06-15 17:26:23)
147      C:\Daten\ERES-PROJECT\source_code\MPFS_DiscoKit_Lab6\PF_SOC\component\Actel\DirectCore\COREAXI4INTERCONNECT\2.9.100\rtl\vlog\core\Axi4Convertors\DWC_UpConv_preCalcAChannel.v (2026-06-15 17:26:23)
148      C:\Daten\ERES-PROJECT\source_code\MPFS_DiscoKit_Lab6\PF_SOC\component\Actel\DirectCore\COREAXI4INTERCONNECT\2.9.100\rtl\vlog\core\Axi4Convertors\DWC_UpConv_preCalcRChan_Ctrl.v (2026-06-15 17:26:23)
149      C:\Daten\ERES-PROJECT\source_code\MPFS_DiscoKit_Lab6\PF_SOC\component\Actel\DirectCore\COREAXI4INTERCONNECT\2.9.100\rtl\vlog\core\Axi4Convertors\DWC_brespCtrl.v (2026-06-15 17:26:23)
150      C:\Daten\ERES-PROJECT\source_code\MPFS_DiscoKit_Lab6\PF_SOC\component\Actel\DirectCore\COREAXI4INTERCONNECT\2.9.100\rtl\vlog\core\Axi4Convertors\DownConverter.v (2026-06-15 17:26:23)
151      C:\Daten\ERES-PROJECT\source_code\MPFS_DiscoKit_Lab6\PF_SOC\component\Actel\DirectCore\COREAXI4INTERCONNECT\2.9.100\rtl\vlog\core\Axi4Convertors\FIFO.v (2026-06-15 17:26:23)
152      C:\Daten\ERES-PROJECT\source_code\MPFS_DiscoKit_Lab6\PF_SOC\component\Actel\DirectCore\COREAXI4INTERCONNECT\2.9.100\rtl\vlog\core\Axi4Convertors\FIFO_CTRL.v (2026-06-15 17:26:23)
153      C:\Daten\ERES-PROJECT\source_code\MPFS_DiscoKit_Lab6\PF_SOC\component\Actel\DirectCore\COREAXI4INTERCONNECT\2.9.100\rtl\vlog\core\Axi4Convertors\FIFO_downsizing.v (2026-06-15 17:26:23)
154      C:\Daten\ERES-PROJECT\source_code\MPFS_DiscoKit_Lab6\PF_SOC\component\Actel\DirectCore\COREAXI4INTERCONNECT\2.9.100\rtl\vlog\core\Axi4Convertors\FIFO_upsizing.v (2026-06-15 17:26:23)
155      C:\Daten\ERES-PROJECT\source_code\MPFS_DiscoKit_Lab6\PF_SOC\component\Actel\DirectCore\COREAXI4INTERCONNECT\2.9.100\rtl\vlog\core\Axi4Convertors\Hold_Reg_Ctrl.v (2026-06-15 17:26:23)
156      C:\Daten\ERES-PROJECT\source_code\MPFS_DiscoKit_Lab6\PF_SOC\component\Actel\DirectCore\COREAXI4INTERCONNECT\2.9.100\rtl\vlog\core\Axi4Convertors\MasterConvertor.v (2026-06-15 17:26:23)
157      C:\Daten\ERES-PROJECT\source_code\MPFS_DiscoKit_Lab6\PF_SOC\component\Actel\DirectCore\COREAXI4INTERCONNECT\2.9.100\rtl\vlog\core\Axi4Convertors\MstrAHBtoAXI4Converter.v (2026-06-15 17:26:23)
158      C:\Daten\ERES-PROJECT\source_code\MPFS_DiscoKit_Lab6\PF_SOC\component\Actel\DirectCore\COREAXI4INTERCONNECT\2.9.100\rtl\vlog\core\Axi4Convertors\MstrClockDomainCrossing.v (2026-06-15 17:26:23)
159      C:\Daten\ERES-PROJECT\source_code\MPFS_DiscoKit_Lab6\PF_SOC\component\Actel\DirectCore\COREAXI4INTERCONNECT\2.9.100\rtl\vlog\core\Axi4Convertors\MstrDataWidthConv.v (2026-06-15 17:26:23)
160      C:\Daten\ERES-PROJECT\source_code\MPFS_DiscoKit_Lab6\PF_SOC\component\Actel\DirectCore\COREAXI4INTERCONNECT\2.9.100\rtl\vlog\core\Axi4Convertors\MstrProtocolConverter.v (2026-06-15 17:26:23)
161      C:\Daten\ERES-PROJECT\source_code\MPFS_DiscoKit_Lab6\PF_SOC\component\Actel\DirectCore\COREAXI4INTERCONNECT\2.9.100\rtl\vlog\core\Axi4Convertors\RAM_BLOCK.v (2026-06-15 17:26:23)
162      C:\Daten\ERES-PROJECT\source_code\MPFS_DiscoKit_Lab6\PF_SOC\component\Actel\DirectCore\COREAXI4INTERCONNECT\2.9.100\rtl\vlog\core\Axi4Convertors\RegSliceFull.v (2026-06-15 17:26:23)
163      C:\Daten\ERES-PROJECT\source_code\MPFS_DiscoKit_Lab6\PF_SOC\component\Actel\DirectCore\COREAXI4INTERCONNECT\2.9.100\rtl\vlog\core\Axi4Convertors\RegisterSlice.v (2026-06-15 17:26:23)
164      C:\Daten\ERES-PROJECT\source_code\MPFS_DiscoKit_Lab6\PF_SOC\component\Actel\DirectCore\COREAXI4INTERCONNECT\2.9.100\rtl\vlog\core\Axi4Convertors\SlaveConvertor.v (2026-06-15 17:26:23)
165      C:\Daten\ERES-PROJECT\source_code\MPFS_DiscoKit_Lab6\PF_SOC\component\Actel\DirectCore\COREAXI4INTERCONNECT\2.9.100\rtl\vlog\core\Axi4Convertors\SlvAxi4ProtConvAXI4ID.v (2026-06-15 17:26:23)
166      C:\Daten\ERES-PROJECT\source_code\MPFS_DiscoKit_Lab6\PF_SOC\component\Actel\DirectCore\COREAXI4INTERCONNECT\2.9.100\rtl\vlog\core\Axi4Convertors\SlvAxi4ProtConvRead.v (2026-06-15 17:26:23)
167      C:\Daten\ERES-PROJECT\source_code\MPFS_DiscoKit_Lab6\PF_SOC\component\Actel\DirectCore\COREAXI4INTERCONNECT\2.9.100\rtl\vlog\core\Axi4Convertors\SlvAxi4ProtConvWrite.v (2026-06-15 17:26:23)
168      C:\Daten\ERES-PROJECT\source_code\MPFS_DiscoKit_Lab6\PF_SOC\component\Actel\DirectCore\COREAXI4INTERCONNECT\2.9.100\rtl\vlog\core\Axi4Convertors\SlvAxi4ProtocolConv.v (2026-06-15 17:26:23)
169      C:\Daten\ERES-PROJECT\source_code\MPFS_DiscoKit_Lab6\PF_SOC\component\Actel\DirectCore\COREAXI4INTERCONNECT\2.9.100\rtl\vlog\core\Axi4Convertors\SlvClockDomainCrossing.v (2026-06-15 17:26:23)
170      C:\Daten\ERES-PROJECT\source_code\MPFS_DiscoKit_Lab6\PF_SOC\component\Actel\DirectCore\COREAXI4INTERCONNECT\2.9.100\rtl\vlog\core\Axi4Convertors\SlvDataWidthConverter.v (2026-06-15 17:26:23)
171      C:\Daten\ERES-PROJECT\source_code\MPFS_DiscoKit_Lab6\PF_SOC\component\Actel\DirectCore\COREAXI4INTERCONNECT\2.9.100\rtl\vlog\core\Axi4Convertors\SlvProtocolConverter.v (2026-06-15 17:26:23)
172      C:\Daten\ERES-PROJECT\source_code\MPFS_DiscoKit_Lab6\PF_SOC\component\Actel\DirectCore\COREAXI4INTERCONNECT\2.9.100\rtl\vlog\core\Axi4Convertors\UpConverter.v (2026-06-15 17:26:23)
173      C:\Daten\ERES-PROJECT\source_code\MPFS_DiscoKit_Lab6\PF_SOC\component\Actel\DirectCore\COREAXI4INTERCONNECT\2.9.100\rtl\vlog\core\Axi4Convertors\byte2bit.v (2026-06-15 17:26:23)
174      C:\Daten\ERES-PROJECT\source_code\MPFS_DiscoKit_Lab6\PF_SOC\component\Actel\DirectCore\COREAXI4INTERCONNECT\2.9.100\rtl\vlog\core\Axi4CrossBar\AddressController.v (2026-06-15 17:26:23)
175      C:\Daten\ERES-PROJECT\source_code\MPFS_DiscoKit_Lab6\PF_SOC\component\Actel\DirectCore\COREAXI4INTERCONNECT\2.9.100\rtl\vlog\core\Axi4CrossBar\Axi4CrossBar.v (2026-06-15 17:26:23)
176      C:\Daten\ERES-PROJECT\source_code\MPFS_DiscoKit_Lab6\PF_SOC\component\Actel\DirectCore\COREAXI4INTERCONNECT\2.9.100\rtl\vlog\core\Axi4CrossBar\BitScan0.v (2026-06-15 17:26:23)
177      C:\Daten\ERES-PROJECT\source_code\MPFS_DiscoKit_Lab6\PF_SOC\component\Actel\DirectCore\COREAXI4INTERCONNECT\2.9.100\rtl\vlog\core\Axi4CrossBar\DERR_Slave.v (2026-06-15 17:26:23)
178      C:\Daten\ERES-PROJECT\source_code\MPFS_DiscoKit_Lab6\PF_SOC\component\Actel\DirectCore\COREAXI4INTERCONNECT\2.9.100\rtl\vlog\core\Axi4CrossBar\DependenceChecker.v (2026-06-15 17:26:23)
179      C:\Daten\ERES-PROJECT\source_code\MPFS_DiscoKit_Lab6\PF_SOC\component\Actel\DirectCore\COREAXI4INTERCONNECT\2.9.100\rtl\vlog\core\Axi4CrossBar\DualPort_FF_SyncWr_SyncRd.v (2026-06-15 17:26:23)
180      C:\Daten\ERES-PROJECT\source_code\MPFS_DiscoKit_Lab6\PF_SOC\component\Actel\DirectCore\COREAXI4INTERCONNECT\2.9.100\rtl\vlog\core\Axi4CrossBar\DualPort_Ram_SyncWr_SyncRd.v (2026-06-15 17:26:23)
181      C:\Daten\ERES-PROJECT\source_code\MPFS_DiscoKit_Lab6\PF_SOC\component\Actel\DirectCore\COREAXI4INTERCONNECT\2.9.100\rtl\vlog\core\Axi4CrossBar\FifoDualPort.v (2026-06-15 17:26:23)
182      C:\Daten\ERES-PROJECT\source_code\MPFS_DiscoKit_Lab6\PF_SOC\component\Actel\DirectCore\COREAXI4INTERCONNECT\2.9.100\rtl\vlog\core\Axi4CrossBar\MasterAddressDecoder.v (2026-06-15 17:26:23)
183      C:\Daten\ERES-PROJECT\source_code\MPFS_DiscoKit_Lab6\PF_SOC\component\Actel\DirectCore\COREAXI4INTERCONNECT\2.9.100\rtl\vlog\core\Axi4CrossBar\MasterControl.v (2026-06-15 17:26:23)
184      C:\Daten\ERES-PROJECT\source_code\MPFS_DiscoKit_Lab6\PF_SOC\component\Actel\DirectCore\COREAXI4INTERCONNECT\2.9.100\rtl\vlog\core\Axi4CrossBar\RDataController.v (2026-06-15 17:26:23)
185      C:\Daten\ERES-PROJECT\source_code\MPFS_DiscoKit_Lab6\PF_SOC\component\Actel\DirectCore\COREAXI4INTERCONNECT\2.9.100\rtl\vlog\core\Axi4CrossBar\RdFifoDualPort.v (2026-06-15 17:26:23)
186      C:\Daten\ERES-PROJECT\source_code\MPFS_DiscoKit_Lab6\PF_SOC\component\Actel\DirectCore\COREAXI4INTERCONNECT\2.9.100\rtl\vlog\core\Axi4CrossBar\ReadDataController.v (2026-06-15 17:26:23)
187      C:\Daten\ERES-PROJECT\source_code\MPFS_DiscoKit_Lab6\PF_SOC\component\Actel\DirectCore\COREAXI4INTERCONNECT\2.9.100\rtl\vlog\core\Axi4CrossBar\ReadDataMux.v (2026-06-15 17:26:23)
188      C:\Daten\ERES-PROJECT\source_code\MPFS_DiscoKit_Lab6\PF_SOC\component\Actel\DirectCore\COREAXI4INTERCONNECT\2.9.100\rtl\vlog\core\Axi4CrossBar\RequestQual.v (2026-06-15 17:26:23)
189      C:\Daten\ERES-PROJECT\source_code\MPFS_DiscoKit_Lab6\PF_SOC\component\Actel\DirectCore\COREAXI4INTERCONNECT\2.9.100\rtl\vlog\core\Axi4CrossBar\ResetSycnc.v (2026-06-15 17:26:23)
190      C:\Daten\ERES-PROJECT\source_code\MPFS_DiscoKit_Lab6\PF_SOC\component\Actel\DirectCore\COREAXI4INTERCONNECT\2.9.100\rtl\vlog\core\Axi4CrossBar\RespController.v (2026-06-15 17:26:23)
191      C:\Daten\ERES-PROJECT\source_code\MPFS_DiscoKit_Lab6\PF_SOC\component\Actel\DirectCore\COREAXI4INTERCONNECT\2.9.100\rtl\vlog\core\Axi4CrossBar\Revision.v (2026-06-15 17:26:23)
192      C:\Daten\ERES-PROJECT\source_code\MPFS_DiscoKit_Lab6\PF_SOC\component\Actel\DirectCore\COREAXI4INTERCONNECT\2.9.100\rtl\vlog\core\Axi4CrossBar\RoundRobinArb.v (2026-06-15 17:26:23)
193      C:\Daten\ERES-PROJECT\source_code\MPFS_DiscoKit_Lab6\PF_SOC\component\Actel\DirectCore\COREAXI4INTERCONNECT\2.9.100\rtl\vlog\core\Axi4CrossBar\SlaveDataMuxController.v (2026-06-15 17:26:23)
194      C:\Daten\ERES-PROJECT\source_code\MPFS_DiscoKit_Lab6\PF_SOC\component\Actel\DirectCore\COREAXI4INTERCONNECT\2.9.100\rtl\vlog\core\Axi4CrossBar\TargetMuxController.v (2026-06-15 17:26:23)
195      C:\Daten\ERES-PROJECT\source_code\MPFS_DiscoKit_Lab6\PF_SOC\component\Actel\DirectCore\COREAXI4INTERCONNECT\2.9.100\rtl\vlog\core\Axi4CrossBar\TransactionController.v (2026-06-15 17:26:23)
196      C:\Daten\ERES-PROJECT\source_code\MPFS_DiscoKit_Lab6\PF_SOC\component\Actel\DirectCore\COREAXI4INTERCONNECT\2.9.100\rtl\vlog\core\Axi4CrossBar\WDataController.v (2026-06-15 17:26:23)
197      C:\Daten\ERES-PROJECT\source_code\MPFS_DiscoKit_Lab6\PF_SOC\component\Actel\DirectCore\COREAXI4INTERCONNECT\2.9.100\rtl\vlog\core\Axi4CrossBar\WriteDataMux.v (2026-06-15 17:26:23)
198      C:\Daten\ERES-PROJECT\source_code\MPFS_DiscoKit_Lab6\PF_SOC\component\Actel\DirectCore\COREAXI4INTERCONNECT\2.9.100\rtl\vlog\core\CoreAxi4Interconnect.v (2026-06-15 17:26:23)
199      C:\Daten\ERES-PROJECT\source_code\MPFS_DiscoKit_Lab6\PF_SOC\component\Actel\DirectCore\CoreAPB3\4.2.100\rtl\vhdl\core\components.vhd (2026-06-15 17:26:23)
200      C:\Daten\ERES-PROJECT\source_code\MPFS_DiscoKit_Lab6\PF_SOC\component\Actel\DirectCore\CoreAPB3\4.2.100\rtl\vhdl\core\coreapb3.vhd (2026-06-15 17:26:23)
201      C:\Daten\ERES-PROJECT\source_code\MPFS_DiscoKit_Lab6\PF_SOC\component\Actel\DirectCore\CoreAPB3\4.2.100\rtl\vhdl\core\coreapb3_iaddr_reg.vhd (2026-06-15 17:26:23)
202      C:\Daten\ERES-PROJECT\source_code\MPFS_DiscoKit_Lab6\PF_SOC\component\Actel\DirectCore\CoreAPB3\4.2.100\rtl\vhdl\core\coreapb3_muxptob3.vhd (2026-06-15 17:26:23)
211      C:\Daten\ERES-PROJECT\source_code\MPFS_DiscoKit_Lab6\PF_SOC\component\work\COREAXI4INTERCONNECT_C0\COREAXI4INTERCONNECT_C0.v (2026-06-15 17:26:23)
212      C:\Daten\ERES-PROJECT\source_code\MPFS_DiscoKit_Lab6\PF_SOC\component\work\CORERESET_PF_C0\CORERESET_PF_C0.v (2026-06-15 17:26:23)
213      C:\Daten\ERES-PROJECT\source_code\MPFS_DiscoKit_Lab6\PF_SOC\component\work\CORERESET_PF_C0\CORERESET_PF_C0_0\core\corereset_pf.v (2026-06-15 17:26:23)
214      C:\Daten\ERES-PROJECT\source_code\MPFS_DiscoKit_Lab6\PF_SOC\component\work\CoreAPB3_C0\CoreAPB3_C0.vhd (2026-06-15 17:26:23)
233      C:\Daten\ERES-PROJECT\source_code\MPFS_DiscoKit_Lab6\PF_SOC\component\work\CoreGPIO_C0\CoreGPIO_C0.vhd (2026-06-17 20:52:47)
234      C:\Daten\ERES-PROJECT\source_code\MPFS_DiscoKit_Lab6\PF_SOC\component\work\CoreGPIO_C0\CoreGPIO_C0_0\rtl\vhdl\core\components.vhd (2026-06-17 20:52:47)
235      C:\Daten\ERES-PROJECT\source_code\MPFS_DiscoKit_Lab6\PF_SOC\component\work\CoreGPIO_C0\CoreGPIO_C0_0\rtl\vhdl\core\coregpio.vhd (2026-06-17 20:52:47)
236      C:\Daten\ERES-PROJECT\source_code\MPFS_DiscoKit_Lab6\PF_SOC\component\work\CoreGPIO_C0\CoreGPIO_C0_0\rtl\vhdl\core\coregpio_pkg.vhd (2026-06-17 20:52:47)
215      C:\Daten\ERES-PROJECT\source_code\MPFS_DiscoKit_Lab6\PF_SOC\component\work\PFSOC_INIT_MONITOR_C0\PFSOC_INIT_MONITOR_C0.v (2026-06-15 17:26:23)
216      C:\Daten\ERES-PROJECT\source_code\MPFS_DiscoKit_Lab6\PF_SOC\component\work\PFSOC_INIT_MONITOR_C0\PFSOC_INIT_MONITOR_C0_0\PFSOC_INIT_MONITOR_C0_PFSOC_INIT_MONITOR_C0_0_PFSOC_INIT_MONITOR.v (2026-06-15 17:26:23)
217      C:\Daten\ERES-PROJECT\source_code\MPFS_DiscoKit_Lab6\PF_SOC\component\work\PFSOC_MSS_C0\MSS_NOBYP_BYP_BYP_NOBYP_BYP_syn_comps.v (2026-06-17 19:07:06)
218      C:\Daten\ERES-PROJECT\source_code\MPFS_DiscoKit_Lab6\PF_SOC\component\work\PFSOC_MSS_C0\PFSOC_MSS_C0.v (2026-06-17 20:52:47)
219      C:\Daten\ERES-PROJECT\source_code\MPFS_DiscoKit_Lab6\PF_SOC\component\work\PF_CCC_C1\PF_CCC_C1.v (2026-06-15 17:26:23)
220      C:\Daten\ERES-PROJECT\source_code\MPFS_DiscoKit_Lab6\PF_SOC\component\work\PF_CCC_C1\PF_CCC_C1_0\PF_CCC_C1_PF_CCC_C1_0_PF_CCC.v (2026-06-15 17:26:23)
221      C:\Daten\ERES-PROJECT\source_code\MPFS_DiscoKit_Lab6\PF_SOC\component\work\PF_OSC_C0\PF_OSC_C0.v (2026-06-15 17:26:23)
222      C:\Daten\ERES-PROJECT\source_code\MPFS_DiscoKit_Lab6\PF_SOC\component\work\PF_OSC_C0\PF_OSC_C0_0\PF_OSC_C0_PF_OSC_C0_0_PF_OSC.v (2026-06-15 17:26:23)
109      C:\Microchip\Libero_SoC_2025.2\Libero_SoC\Synplify_Pro\lib\generic\acg5.v (2025-11-18 15:13:42)
110      C:\Microchip\Libero_SoC_2025.2\Libero_SoC\Synplify_Pro\lib\generic\acg5.vhd (2025-11-18 15:13:42)
111      C:\Microchip\Libero_SoC_2025.2\Libero_SoC\Synplify_Pro\lib\vhd2008\arith.vhd (2025-11-18 17:58:26)
112      C:\Microchip\Libero_SoC_2025.2\Libero_SoC\Synplify_Pro\lib\vhd2008\location.map (2025-11-18 17:58:26)
238      C:\Microchip\Libero_SoC_2025.2\Libero_SoC\Synplify_Pro\lib\vhd2008\misc.vhd (2025-11-18 17:58:28)
113      C:\Microchip\Libero_SoC_2025.2\Libero_SoC\Synplify_Pro\lib\vhd2008\numeric.vhd (2025-11-18 18:17:14)
114      C:\Microchip\Libero_SoC_2025.2\Libero_SoC\Synplify_Pro\lib\vhd2008\std.vhd (2025-11-18 17:58:28)
115      C:\Microchip\Libero_SoC_2025.2\Libero_SoC\Synplify_Pro\lib\vhd2008\std1164.vhd (2025-11-18 17:58:28)
116      C:\Microchip\Libero_SoC_2025.2\Libero_SoC\Synplify_Pro\lib\vhd2008\std_textio.vhd (2025-11-18 17:58:28)
117      C:\Microchip\Libero_SoC_2025.2\Libero_SoC\Synplify_Pro\lib\vhd2008\unsigned.vhd (2025-11-18 17:58:28)
118      C:\Microchip\Libero_SoC_2025.2\Libero_SoC\Synplify_Pro\lib\vhd\hyperents.vhd (2025-11-18 17:58:26)
119      C:\Microchip\Libero_SoC_2025.2\Libero_SoC\Synplify_Pro\lib\vhd\snps_haps_pkg.vhd (2025-11-18 17:58:26)
120      C:\Microchip\Libero_SoC_2025.2\Libero_SoC\Synplify_Pro\lib\vhd\umr_capim.vhd (2025-11-18 17:58:26)
121      C:\Microchip\Libero_SoC_2025.2\Libero_SoC\Synplify_Pro\lib\vlog\hypermods.v (2025-11-18 17:58:24)
122      C:\Microchip\Libero_SoC_2025.2\Libero_SoC\Synplify_Pro\lib\vlog\scemi_objects.v (2025-11-18 17:58:24)
123      C:\Microchip\Libero_SoC_2025.2\Libero_SoC\Synplify_Pro\lib\vlog\scemi_pipes.svh (2025-11-18 17:58:24)

*******************************************************************
Unchanged modules: 0
MID:  lib.cell.view
